Component: ARM Compiler 5.06 update 6 (build 750) Tool: armlink [4d35ed]

==============================================================================

Section Cross References

    main.o(i.clockPulse) refers to stm32f10x_gpio_1.o(i.GPIO_SetBits) for GPIO_SetBits
    main.o(i.clockPulse) refers to delay.o(i.delayMs) for delayMs
    main.o(i.clockPulse) refers to stm32f10x_gpio_1.o(i.GPIO_ResetBits) for GPIO_ResetBits
    main.o(i.configuration) refers to stm32f10x_rcc_1.o(i.RCC_APB2PeriphClockCmd) for RCC_APB2PeriphClockCmd
    main.o(i.configuration) refers to stm32f10x_gpio_1.o(i.GPIO_Init) for GPIO_Init
    main.o(i.ledCode) refers to stm32f10x_gpio_1.o(i.GPIO_ResetBits) for GPIO_ResetBits
    main.o(i.ledCode) refers to delay.o(i.delayMs) for delayMs
    main.o(i.ledCode) refers to stm32f10x_gpio_1.o(i.GPIO_SetBits) for GPIO_SetBits
    main.o(i.main) refers to main.o(i.configuration) for configuration
    main.o(i.main) refers to main.o(i.spiInit) for spiInit
    main.o(i.main) refers to h1_alloc.o(.text) for malloc
    main.o(i.main) refers to main.o(i.transmitData) for transmitData
    main.o(i.main) refers to main.o(i.ledCode) for ledCode
    main.o(i.main) refers to h1_free.o(.text) for free
    main.o(i.spiInit) refers to stm32f10x_gpio_1.o(i.GPIO_SetBits) for GPIO_SetBits
    main.o(i.spiInit) refers to stm32f10x_gpio_1.o(i.GPIO_ResetBits) for GPIO_ResetBits
    main.o(i.transmitData) refers to stm32f10x_gpio_1.o(i.GPIO_ResetBits) for GPIO_ResetBits
    main.o(i.transmitData) refers to stm32f10x_gpio_1.o(i.GPIO_SetBits) for GPIO_SetBits
    main.o(i.transmitData) refers to main.o(i.clockPulse) for clockPulse
    main.o(i.transmitData) refers to delay.o(i.delayMs) for delayMs
    delay.o(i.RCC_Configuration) refers to stm32f10x_rcc_1.o(i.RCC_DeInit) for RCC_DeInit
    delay.o(i.RCC_Configuration) refers to stm32f10x_rcc_1.o(i.RCC_HSEConfig) for RCC_HSEConfig
    delay.o(i.RCC_Configuration) refers to stm32f10x_rcc_1.o(i.RCC_WaitForHSEStartUp) for RCC_WaitForHSEStartUp
    delay.o(i.RCC_Configuration) refers to stm32f10x_rcc_1.o(i.RCC_PLLConfig) for RCC_PLLConfig
    delay.o(i.RCC_Configuration) refers to stm32f10x_rcc_1.o(i.RCC_GetFlagStatus) for RCC_GetFlagStatus
    delay.o(i.RCC_Configuration) refers to stm32f10x_rcc_1.o(i.RCC_SYSCLKConfig) for RCC_SYSCLKConfig
    delay.o(i.RCC_Configuration) refers to stm32f10x_rcc_1.o(i.RCC_GetSYSCLKSource) for RCC_GetSYSCLKSource
    delay.o(i.TIM2_IRQHandler) refers to stm32f10x_tim_1.o(i.TIM_ClearITPendingBit) for TIM_ClearITPendingBit
    delay.o(i.TIM2_IRQHandler) refers to delay.o(.data) for miliSecond
    delay.o(i.TIM2_Init) refers to stm32f10x_rcc_1.o(i.RCC_APB1PeriphClockCmd) for RCC_APB1PeriphClockCmd
    delay.o(i.TIM2_Init) refers to stm32f10x_tim_1.o(i.TIM_TimeBaseInit) for TIM_TimeBaseInit
    delay.o(i.TIM2_Init) refers to stm32f10x_tim_1.o(i.TIM_ITConfig) for TIM_ITConfig
    delay.o(i.TIM2_Init) refers to stm32f10x_tim_1.o(i.TIM_Cmd) for TIM_Cmd
    delay.o(i.TIM2_Init) refers to misc_1.o(i.NVIC_Init) for NVIC_Init
    delay.o(i.configurationLed) refers to stm32f10x_rcc_1.o(i.RCC_APB2PeriphClockCmd) for RCC_APB2PeriphClockCmd
    delay.o(i.configurationLed) refers to stm32f10x_gpio_1.o(i.GPIO_Init) for GPIO_Init
    delay.o(i.delayMs) refers to delay.o(.data) for miliSecond
    stm32f10x_gpio_1.o(i.GPIO_AFIODeInit) refers to stm32f10x_rcc_1.o(i.RCC_APB2PeriphResetCmd) for RCC_APB2PeriphResetCmd
    stm32f10x_gpio_1.o(i.GPIO_DeInit) refers to stm32f10x_rcc_1.o(i.RCC_APB2PeriphResetCmd) for RCC_APB2PeriphResetCmd
    stm32f10x_rcc_1.o(i.RCC_GetClocksFreq) refers to stm32f10x_rcc_1.o(.data) for APBAHBPrescTable
    stm32f10x_rcc_1.o(i.RCC_WaitForHSEStartUp) refers to stm32f10x_rcc_1.o(i.RCC_GetFlagStatus) for RCC_GetFlagStatus
    stm32f10x_spi_1.o(i.I2S_Init) refers to stm32f10x_rcc_1.o(i.RCC_GetClocksFreq) for RCC_GetClocksFreq
    stm32f10x_spi_1.o(i.SPI_I2S_DeInit) refers to stm32f10x_rcc_1.o(i.RCC_APB2PeriphResetCmd) for RCC_APB2PeriphResetCmd
    stm32f10x_spi_1.o(i.SPI_I2S_DeInit) refers to stm32f10x_rcc_1.o(i.RCC_APB1PeriphResetCmd) for RCC_APB1PeriphResetCmd
    stm32f10x_tim_1.o(i.TIM_DeInit) refers to stm32f10x_rcc_1.o(i.RCC_APB2PeriphResetCmd) for RCC_APB2PeriphResetCmd
    stm32f10x_tim_1.o(i.TIM_DeInit) refers to stm32f10x_rcc_1.o(i.RCC_APB1PeriphResetCmd) for RCC_APB1PeriphResetCmd
    stm32f10x_tim_1.o(i.TIM_ETRClockMode1Config) refers to stm32f10x_tim_1.o(i.TIM_ETRConfig) for TIM_ETRConfig
    stm32f10x_tim_1.o(i.TIM_ETRClockMode2Config) refers to stm32f10x_tim_1.o(i.TIM_ETRConfig) for TIM_ETRConfig
    stm32f10x_tim_1.o(i.TIM_ICInit) refers to stm32f10x_tim_1.o(i.TI1_Config) for TI1_Config
    stm32f10x_tim_1.o(i.TIM_ICInit) refers to stm32f10x_tim_1.o(i.TIM_SetIC1Prescaler) for TIM_SetIC1Prescaler
    stm32f10x_tim_1.o(i.TIM_ICInit) refers to stm32f10x_tim_1.o(i.TI2_Config) for TI2_Config
    stm32f10x_tim_1.o(i.TIM_ICInit) refers to stm32f10x_tim_1.o(i.TIM_SetIC2Prescaler) for TIM_SetIC2Prescaler
    stm32f10x_tim_1.o(i.TIM_ICInit) refers to stm32f10x_tim_1.o(i.TI3_Config) for TI3_Config
    stm32f10x_tim_1.o(i.TIM_ICInit) refers to stm32f10x_tim_1.o(i.TIM_SetIC3Prescaler) for TIM_SetIC3Prescaler
    stm32f10x_tim_1.o(i.TIM_ICInit) refers to stm32f10x_tim_1.o(i.TI4_Config) for TI4_Config
    stm32f10x_tim_1.o(i.TIM_ICInit) refers to stm32f10x_tim_1.o(i.TIM_SetIC4Prescaler) for TIM_SetIC4Prescaler
    stm32f10x_tim_1.o(i.TIM_ITRxExternalClockConfig) refers to stm32f10x_tim_1.o(i.TIM_SelectInputTrigger) for TIM_SelectInputTrigger
    stm32f10x_tim_1.o(i.TIM_PWMIConfig) refers to stm32f10x_tim_1.o(i.TI1_Config) for TI1_Config
    stm32f10x_tim_1.o(i.TIM_PWMIConfig) refers to stm32f10x_tim_1.o(i.TIM_SetIC1Prescaler) for TIM_SetIC1Prescaler
    stm32f10x_tim_1.o(i.TIM_PWMIConfig) refers to stm32f10x_tim_1.o(i.TI2_Config) for TI2_Config
    stm32f10x_tim_1.o(i.TIM_PWMIConfig) refers to stm32f10x_tim_1.o(i.TIM_SetIC2Prescaler) for TIM_SetIC2Prescaler
    stm32f10x_tim_1.o(i.TIM_TIxExternalClockConfig) refers to stm32f10x_tim_1.o(i.TI2_Config) for TI2_Config
    stm32f10x_tim_1.o(i.TIM_TIxExternalClockConfig) refers to stm32f10x_tim_1.o(i.TI1_Config) for TI1_Config
    stm32f10x_tim_1.o(i.TIM_TIxExternalClockConfig) refers to stm32f10x_tim_1.o(i.TIM_SelectInputTrigger) for TIM_SelectInputTrigger
    gpio_stm32f10x_1.o(i.GPIO_PinConfigure) refers to gpio_stm32f10x_1.o(i.GPIO_GetPortClockState) for GPIO_GetPortClockState
    gpio_stm32f10x_1.o(i.GPIO_PinConfigure) refers to gpio_stm32f10x_1.o(i.GPIO_PortClock) for GPIO_PortClock
    startup_stm32f10x_md_2.o(STACK) refers (Special) to heapauxi.o(.text) for __use_two_region_memory
    startup_stm32f10x_md_2.o(HEAP) refers (Special) to heapauxi.o(.text) for __use_two_region_memory
    startup_stm32f10x_md_2.o(RESET) refers (Special) to heapauxi.o(.text) for __use_two_region_memory
    startup_stm32f10x_md_2.o(RESET) refers to startup_stm32f10x_md_2.o(STACK) for __initial_sp
    startup_stm32f10x_md_2.o(RESET) refers to startup_stm32f10x_md_2.o(.text) for Reset_Handler
    startup_stm32f10x_md_2.o(RESET) refers to delay.o(i.TIM2_IRQHandler) for TIM2_IRQHandler
    startup_stm32f10x_md_2.o(.text) refers (Special) to heapauxi.o(.text) for __use_two_region_memory
    startup_stm32f10x_md_2.o(.text) refers to system_stm32f10x_1.o(i.SystemInit) for SystemInit
    startup_stm32f10x_md_2.o(.text) refers to __main.o(!!!main) for __main
    startup_stm32f10x_md_2.o(.text) refers to startup_stm32f10x_md_2.o(HEAP) for Heap_Mem
    startup_stm32f10x_md_2.o(.text) refers to startup_stm32f10x_md_2.o(STACK) for Stack_Mem
    system_stm32f10x_1.o(i.SetSysClock) refers to system_stm32f10x_1.o(i.SetSysClockTo72) for SetSysClockTo72
    system_stm32f10x_1.o(i.SystemCoreClockUpdate) refers to system_stm32f10x_1.o(.data) for SystemCoreClock
    system_stm32f10x_1.o(i.SystemInit) refers to system_stm32f10x_1.o(i.SetSysClock) for SetSysClock
    malloc.o(.text) refers (Special) to hguard.o(.text) for __heap$guard
    malloc.o(.text) refers (Special) to init_alloc.o(.text) for _init_alloc
    malloc.o(.text) refers to rt_heap_descriptor_intlibspace.o(.text) for __rt_heap_descriptor
    malloc.o(.text) refers to heapstubs.o(.text) for __Heap_Alloc
    free.o(.text) refers (Special) to hguard.o(.text) for __heap$guard
    free.o(.text) refers to rt_heap_descriptor_intlibspace.o(.text) for __rt_heap_descriptor
    free.o(.text) refers to heapstubs.o(.text) for __Heap_Free
    h1_alloc.o(.text) refers (Special) to h1_init.o(.text) for __Heap_Initialize
    h1_alloc.o(.text) refers to rt_heap_descriptor_intlibspace.o(.text) for __rt_heap_descriptor
    h1_alloc.o(.text) refers to init_alloc.o(.text) for __Heap_Full
    h1_free.o(.text) refers to rt_heap_descriptor_intlibspace.o(.text) for __rt_heap_descriptor
    h1_alloc_mt.o(.text) refers (Special) to h1_init.o(.text) for __Heap_Initialize
    h1_alloc_mt.o(.text) refers to init_alloc.o(.text) for __Heap_Full
    h1_alloc_mt.o(.text) refers to rt_heap_descriptor_intlibspace.o(.text) for __rt_heap_descriptor
    h1_free_mt.o(.text) refers to rt_heap_descriptor_intlibspace.o(.text) for __rt_heap_descriptor
    heap2.o(i._FDIterate) refers to heap2.o(.conststring) for .conststring
    heap2.o(i.___Heap_ProvideMemory$realtime) refers to fdtree.o(i._FDTree_Delete) for _FDTree_Delete
    heap2.o(i.___Heap_ProvideMemory$realtime) refers to fdtree.o(i._FDTree_Insert) for _FDTree_Insert
    heap2.o(i.___Heap_Stats$realtime) refers to heap2.o(i._Heap2_StatsIterate) for _Heap2_StatsIterate
    heap2.o(i.___Heap_Valid$realtime) refers to heap2.o(i._FDIterate) for _FDIterate
    heap2.o(i.___Heap_Valid$realtime) refers to heap2.o(.conststring) for .conststring
    heap2.o(i._free$realtime) refers to rt_heap_descriptor_intlibspace.o(.text) for __rt_heap_descriptor
    heap2.o(i._free$realtime) refers to fdtree.o(i._FDTree_Delete) for _FDTree_Delete
    heap2.o(i._free$realtime) refers to fdtree.o(i._FDTree_Insert) for _FDTree_Insert
    heap2.o(i._malloc$realtime) refers to rt_heap_descriptor_intlibspace.o(.text) for __rt_heap_descriptor
    heap2.o(i._malloc$realtime) refers to fdtree.o(i._FDTree_FindFirst) for _FDTree_FindFirst
    heap2.o(i._malloc$realtime) refers to init_alloc.o(.text) for __Heap_Full
    heap2.o(i._malloc$realtime) refers to fdtree.o(i._FDTree_RemoveNode) for _FDTree_RemoveNode
    heap2.o(i._malloc$realtime) refers to fdtree.o(i._FDTree_Insert) for _FDTree_Insert
    heap2.o(i._posix_memalign$realtime) refers to rt_heap_descriptor_intlibspace.o(.text) for __rt_heap_descriptor
    heap2.o(i._posix_memalign$realtime) refers to fdtree.o(i._FDTree_FindFirst) for _FDTree_FindFirst
    heap2.o(i._posix_memalign$realtime) refers to init_alloc.o(.text) for __Heap_Full
    heap2.o(i._posix_memalign$realtime) refers to fdtree.o(i._FDTree_RemoveNode) for _FDTree_RemoveNode
    heap2.o(i._posix_memalign$realtime) refers to fdtree.o(i._FDTree_Insert) for _FDTree_Insert
    heap2.o(i._realloc$realtime) refers to rt_heap_descriptor_intlibspace.o(.text) for __rt_heap_descriptor
    heap2.o(i._realloc$realtime) refers to fdtree.o(i._FDTree_Insert) for _FDTree_Insert
    heap2.o(i._realloc$realtime) refers to h1_free.o(.text) for free
    heap2.o(i._realloc$realtime) refers to h1_alloc.o(.text) for malloc
    heap2.o(i._realloc$realtime) refers to fdtree.o(i._FDTree_Delete) for _FDTree_Delete
    heap2.o(i._realloc$realtime) refers to rt_memcpy_w.o(.text) for __aeabi_memcpy4
    heap2mt.o(i._FDIterate) refers to heap2mt.o(.conststring) for .conststring
    heap2mt.o(i.___Heap_Initialize$realtime$concurrent) refers to mutex_dummy.o(.text) for _mutex_initialize
    heap2mt.o(i.___Heap_ProvideMemory$realtime$concurrent) refers to fdtree.o(i._FDTree_Delete) for _FDTree_Delete
    heap2mt.o(i.___Heap_ProvideMemory$realtime$concurrent) refers to fdtree.o(i._FDTree_Insert) for _FDTree_Insert
    heap2mt.o(i.___Heap_Stats$realtime$concurrent) refers to heap2mt.o(i._Heap2_StatsIterate) for _Heap2_StatsIterate
    heap2mt.o(i.___Heap_Valid$realtime$concurrent) refers to heap2mt.o(i._FDIterate) for _FDIterate
    heap2mt.o(i.___Heap_Valid$realtime$concurrent) refers to heap2mt.o(.conststring) for .conststring
    heap2mt.o(i._free$realtime$concurrent) refers to rt_heap_descriptor_intlibspace.o(.text) for __rt_heap_descriptor
    heap2mt.o(i._free$realtime$concurrent) refers to fdtree.o(i._FDTree_Delete) for _FDTree_Delete
    heap2mt.o(i._free$realtime$concurrent) refers to fdtree.o(i._FDTree_Insert) for _FDTree_Insert
    heap2mt.o(i._malloc$realtime$concurrent) refers to rt_heap_descriptor_intlibspace.o(.text) for __rt_heap_descriptor
    heap2mt.o(i._malloc$realtime$concurrent) refers to fdtree.o(i._FDTree_FindFirst) for _FDTree_FindFirst
    heap2mt.o(i._malloc$realtime$concurrent) refers to init_alloc.o(.text) for __Heap_Full
    heap2mt.o(i._malloc$realtime$concurrent) refers to fdtree.o(i._FDTree_RemoveNode) for _FDTree_RemoveNode
    heap2mt.o(i._malloc$realtime$concurrent) refers to fdtree.o(i._FDTree_Insert) for _FDTree_Insert
    heap2mt.o(i._posix_memalign$realtime$concurrent) refers to rt_heap_descriptor_intlibspace.o(.text) for __rt_heap_descriptor
    heap2mt.o(i._posix_memalign$realtime$concurrent) refers to fdtree.o(i._FDTree_FindFirst) for _FDTree_FindFirst
    heap2mt.o(i._posix_memalign$realtime$concurrent) refers to init_alloc.o(.text) for __Heap_Full
    heap2mt.o(i._posix_memalign$realtime$concurrent) refers to fdtree.o(i._FDTree_RemoveNode) for _FDTree_RemoveNode
    heap2mt.o(i._posix_memalign$realtime$concurrent) refers to fdtree.o(i._FDTree_Insert) for _FDTree_Insert
    heap2mt.o(i._realloc$realtime$concurrent) refers to rt_heap_descriptor_intlibspace.o(.text) for __rt_heap_descriptor
    heap2mt.o(i._realloc$realtime$concurrent) refers to fdtree.o(i._FDTree_Insert) for _FDTree_Insert
    heap2mt.o(i._realloc$realtime$concurrent) refers to h1_free.o(.text) for free
    heap2mt.o(i._realloc$realtime$concurrent) refers to h1_alloc.o(.text) for malloc
    heap2mt.o(i._realloc$realtime$concurrent) refers to fdtree.o(i._FDTree_Delete) for _FDTree_Delete
    heap2mt.o(i._realloc$realtime$concurrent) refers to rt_memcpy_w.o(.text) for __aeabi_memcpy4
    __main.o(!!!main) refers to __rtentry.o(.ARM.Collect$$rtentry$$00000000) for __rt_entry
    __rtentry.o(.ARM.Collect$$rtentry$$00000000) refers (Special) to __rtentry2.o(.ARM.Collect$$rtentry$$0000000A) for __rt_entry_li
    __rtentry.o(.ARM.Collect$$rtentry$$00000000) refers (Special) to __rtentry2.o(.ARM.Collect$$rtentry$$0000000D) for __rt_entry_main
    __rtentry.o(.ARM.Collect$$rtentry$$00000000) refers (Special) to __rtentry2.o(.ARM.Collect$$rtentry$$0000000C) for __rt_entry_postli_1
    __rtentry.o(.ARM.Collect$$rtentry$$00000000) refers (Special) to __rtentry2.o(.ARM.Collect$$rtentry$$00000009) for __rt_entry_postsh_1
    __rtentry.o(.ARM.Collect$$rtentry$$00000000) refers (Special) to __rtentry2.o(.ARM.Collect$$rtentry$$00000002) for __rt_entry_presh_1
    __rtentry.o(.ARM.Collect$$rtentry$$00000000) refers (Special) to __rtentry4.o(.ARM.Collect$$rtentry$$00000004) for __rt_entry_sh
    rt_heap_descriptor.o(.text) refers to rt_heap_descriptor.o(.bss) for __rt_heap_descriptor_data
    rt_heap_descriptor_intlibspace.o(.text) refers to libspace.o(.bss) for __libspace_start
    init_alloc.o(.text) refers (Special) to hguard.o(.text) for __heap$guard
    init_alloc.o(.text) refers (Special) to libinit2.o(.ARM.Collect$$libinit$$00000005) for __rt_lib_init_heap_2
    init_alloc.o(.text) refers (Special) to maybetermalloc1.o(.emb_text) for _maybe_terminate_alloc
    init_alloc.o(.text) refers to h1_extend.o(.text) for __Heap_ProvideMemory
    init_alloc.o(.text) refers to defsig_rtmem_outer.o(.text) for __rt_SIGRTMEM
    init_alloc.o(.text) refers to rt_heap_descriptor_intlibspace.o(.text) for __rt_heap_descriptor
    init_alloc.o(.text) refers to h1_init.o(.text) for __Heap_Initialize
    h1_init_mt.o(.text) refers to mutex_dummy.o(.text) for _mutex_initialize
    _get_argv.o(.text) refers (Special) to hrguard.o(.text) for __heap_region$guard
    _get_argv.o(.text) refers to h1_alloc.o(.text) for malloc
    _get_argv.o(.text) refers to defsig_rtmem_outer.o(.text) for __rt_SIGRTMEM
    _get_argv.o(.text) refers to sys_command.o(.text) for _sys_command_string
    libinit2.o(.ARM.Collect$$libinit$$00000005) refers (Weak) to init_alloc.o(.text) for _init_alloc
    libinit2.o(.ARM.Collect$$libinit$$00000010) refers to libinit2.o(.ARM.Collect$$libinit$$0000000F) for .ARM.Collect$$libinit$$0000000F
    libinit2.o(.ARM.Collect$$libinit$$00000012) refers to libinit2.o(.ARM.Collect$$libinit$$0000000F) for .ARM.Collect$$libinit$$0000000F
    libinit2.o(.ARM.Collect$$libinit$$00000014) refers to libinit2.o(.ARM.Collect$$libinit$$0000000F) for .ARM.Collect$$libinit$$0000000F
    libinit2.o(.ARM.Collect$$libinit$$00000016) refers to libinit2.o(.ARM.Collect$$libinit$$0000000F) for .ARM.Collect$$libinit$$0000000F
    libinit2.o(.ARM.Collect$$libinit$$00000018) refers to libinit2.o(.ARM.Collect$$libinit$$0000000F) for .ARM.Collect$$libinit$$0000000F
    libinit2.o(.ARM.Collect$$libinit$$00000026) refers to argv_veneer.o(.emb_text) for __ARM_argv_veneer
    libinit2.o(.ARM.Collect$$libinit$$00000027) refers to argv_veneer.o(.emb_text) for __ARM_argv_veneer
    sys_command.o(.text) refers (Special) to use_no_semi.o(.text) for __I$use$semihosting
    sys_command.o(.text) refers (Special) to indicate_semi.o(.text) for __semihosting_library_function
    libspace.o(.text) refers to libspace.o(.bss) for __libspace_start
    __rtentry2.o(.ARM.Collect$$rtentry$$00000008) refers to boardinit2.o(.text) for _platform_post_stackheap_init
    __rtentry2.o(.ARM.Collect$$rtentry$$0000000A) refers to libinit.o(.ARM.Collect$$libinit$$00000000) for __rt_lib_init
    __rtentry2.o(.ARM.Collect$$rtentry$$0000000B) refers to boardinit3.o(.text) for _platform_post_lib_init
    __rtentry2.o(.ARM.Collect$$rtentry$$0000000D) refers to main.o(i.main) for main
    __rtentry2.o(.ARM.Collect$$rtentry$$0000000D) refers to exit.o(.text) for exit
    __rtentry2.o(.ARM.exidx) refers to __rtentry2.o(.ARM.Collect$$rtentry$$00000001) for .ARM.Collect$$rtentry$$00000001
    __rtentry2.o(.ARM.exidx) refers to __rtentry2.o(.ARM.Collect$$rtentry$$00000008) for .ARM.Collect$$rtentry$$00000008
    __rtentry2.o(.ARM.exidx) refers to __rtentry2.o(.ARM.Collect$$rtentry$$0000000A) for .ARM.Collect$$rtentry$$0000000A
    __rtentry2.o(.ARM.exidx) refers to __rtentry2.o(.ARM.Collect$$rtentry$$0000000B) for .ARM.Collect$$rtentry$$0000000B
    __rtentry2.o(.ARM.exidx) refers to __rtentry2.o(.ARM.Collect$$rtentry$$0000000D) for .ARM.Collect$$rtentry$$0000000D
    __rtentry4.o(.ARM.Collect$$rtentry$$00000004) refers to sys_stackheap_outer.o(.text) for __user_setup_stackheap
    __rtentry4.o(.ARM.exidx) refers to __rtentry4.o(.ARM.Collect$$rtentry$$00000004) for .ARM.Collect$$rtentry$$00000004
    maybetermalloc2.o(.emb_text) refers (Special) to term_alloc.o(.text) for _terminate_alloc
    h1_extend.o(.text) refers to h1_free.o(.text) for free
    h1_extend_mt.o(.text) refers to h1_free_mt.o(.text) for _free_internal
    defsig_rtmem_outer.o(.text) refers to defsig_rtmem_inner.o(.text) for __rt_SIGRTMEM_inner
    defsig_rtmem_outer.o(.text) refers to defsig_exit.o(.text) for __sig_exit
    defsig_rtmem_formal.o(.text) refers to rt_raise.o(.text) for __rt_raise
    heapauxa.o(.text) refers to heapauxa.o(.data) for .data
    argv_veneer.o(.emb_text) refers to no_argv.o(.text) for __ARM_get_argv
    sys_stackheap_outer.o(.text) refers to libspace.o(.text) for __user_perproc_libspace
    sys_stackheap_outer.o(.text) refers to startup_stm32f10x_md_2.o(.text) for __user_initial_stackheap
    rt_raise.o(.text) refers to __raise.o(.text) for __raise
    rt_raise.o(.text) refers to sys_exit.o(.text) for _sys_exit
    term_alloc.o(.text) refers (Special) to libshutdown2.o(.ARM.Collect$$libshutdown$$0000000E) for __rt_lib_shutdown_heap_2
    term_alloc.o(.text) refers to rt_heap_descriptor_intlibspace.o(.text) for __rt_heap_descriptor
    term_alloc.o(.text) refers to h1_final.o(.text) for __Heap_Finalize
    exit.o(.text) refers to rtexit.o(.ARM.Collect$$rtexit$$00000000) for __rt_exit
    defsig_exit.o(.text) refers to sys_exit.o(.text) for _sys_exit
    defsig_rtmem_inner.o(.text) refers to defsig_general.o(.text) for __default_signal_display
    _get_argv_nomalloc.o(.text) refers (Special) to hrguard.o(.text) for __heap_region$guard
    _get_argv_nomalloc.o(.text) refers to defsig_rtmem_outer.o(.text) for __rt_SIGRTMEM
    _get_argv_nomalloc.o(.text) refers to sys_command.o(.text) for _sys_command_string
    libinit.o(.ARM.Collect$$libinit$$00000000) refers (Special) to libinit2.o(.ARM.Collect$$libinit$$0000002E) for __rt_lib_init_alloca_1
    libinit.o(.ARM.Collect$$libinit$$00000000) refers (Special) to libinit2.o(.ARM.Collect$$libinit$$0000002C) for __rt_lib_init_argv_1
    libinit.o(.ARM.Collect$$libinit$$00000000) refers (Special) to libinit2.o(.ARM.Collect$$libinit$$0000001B) for __rt_lib_init_atexit_1
    libinit.o(.ARM.Collect$$libinit$$00000000) refers (Special) to libinit2.o(.ARM.Collect$$libinit$$00000021) for __rt_lib_init_clock_1
    libinit.o(.ARM.Collect$$libinit$$00000000) refers (Special) to libinit2.o(.ARM.Collect$$libinit$$00000032) for __rt_lib_init_cpp_1
    libinit.o(.ARM.Collect$$libinit$$00000000) refers (Special) to libinit2.o(.ARM.Collect$$libinit$$00000030) for __rt_lib_init_exceptions_1
    libinit.o(.ARM.Collect$$libinit$$00000000) refers (Special) to libinit2.o(.ARM.Collect$$libinit$$00000002) for __rt_lib_init_fp_1
    libinit.o(.ARM.Collect$$libinit$$00000000) refers (Special) to libinit2.o(.ARM.Collect$$libinit$$0000001F) for __rt_lib_init_fp_trap_1
    libinit.o(.ARM.Collect$$libinit$$00000000) refers (Special) to libinit2.o(.ARM.Collect$$libinit$$00000023) for __rt_lib_init_getenv_1
    libinit.o(.ARM.Collect$$libinit$$00000000) refers (Special) to libinit2.o(.ARM.Collect$$libinit$$0000000A) for __rt_lib_init_heap_1
    libinit.o(.ARM.Collect$$libinit$$00000000) refers (Special) to libinit2.o(.ARM.Collect$$libinit$$00000011) for __rt_lib_init_lc_collate_1
    libinit.o(.ARM.Collect$$libinit$$00000000) refers (Special) to libinit2.o(.ARM.Collect$$libinit$$00000013) for __rt_lib_init_lc_ctype_1
    libinit.o(.ARM.Collect$$libinit$$00000000) refers (Special) to libinit2.o(.ARM.Collect$$libinit$$00000015) for __rt_lib_init_lc_monetary_1
    libinit.o(.ARM.Collect$$libinit$$00000000) refers (Special) to libinit2.o(.ARM.Collect$$libinit$$00000017) for __rt_lib_init_lc_numeric_1
    libinit.o(.ARM.Collect$$libinit$$00000000) refers (Special) to libinit2.o(.ARM.Collect$$libinit$$00000019) for __rt_lib_init_lc_time_1
    libinit.o(.ARM.Collect$$libinit$$00000000) refers (Special) to libinit2.o(.ARM.Collect$$libinit$$00000004) for __rt_lib_init_preinit_1
    libinit.o(.ARM.Collect$$libinit$$00000000) refers (Special) to libinit2.o(.ARM.Collect$$libinit$$0000000E) for __rt_lib_init_rand_1
    libinit.o(.ARM.Collect$$libinit$$00000000) refers (Special) to libinit2.o(.ARM.Collect$$libinit$$00000033) for __rt_lib_init_return
    libinit.o(.ARM.Collect$$libinit$$00000000) refers (Special) to libinit2.o(.ARM.Collect$$libinit$$0000001D) for __rt_lib_init_signal_1
    libinit.o(.ARM.Collect$$libinit$$00000000) refers (Special) to libinit2.o(.ARM.Collect$$libinit$$00000025) for __rt_lib_init_stdio_1
    libinit.o(.ARM.Collect$$libinit$$00000000) refers (Special) to libinit2.o(.ARM.Collect$$libinit$$0000000C) for __rt_lib_init_user_alloc_1
    sys_exit.o(.text) refers (Special) to use_no_semi.o(.text) for __I$use$semihosting
    sys_exit.o(.text) refers (Special) to indicate_semi.o(.text) for __semihosting_library_function
    rtexit.o(.ARM.Collect$$rtexit$$00000000) refers (Special) to rtexit2.o(.ARM.Collect$$rtexit$$00000004) for __rt_exit_exit
    rtexit.o(.ARM.Collect$$rtexit$$00000000) refers (Special) to rtexit2.o(.ARM.Collect$$rtexit$$00000003) for __rt_exit_ls
    rtexit.o(.ARM.Collect$$rtexit$$00000000) refers (Special) to rtexit2.o(.ARM.Collect$$rtexit$$00000002) for __rt_exit_prels_1
    rtexit.o(.ARM.exidx) refers (Special) to rtexit2.o(.ARM.Collect$$rtexit$$00000004) for __rt_exit_exit
    rtexit.o(.ARM.exidx) refers (Special) to rtexit2.o(.ARM.Collect$$rtexit$$00000003) for __rt_exit_ls
    rtexit.o(.ARM.exidx) refers (Special) to rtexit2.o(.ARM.Collect$$rtexit$$00000002) for __rt_exit_prels_1
    rtexit.o(.ARM.exidx) refers to rtexit.o(.ARM.Collect$$rtexit$$00000000) for .ARM.Collect$$rtexit$$00000000
    __raise.o(.text) refers to defsig.o(CL$$defsig) for __default_signal_handler
    defsig_general.o(.text) refers to sys_wrch.o(.text) for _ttywrch
    libshutdown2.o(.ARM.Collect$$libshutdown$$0000000D) refers (Weak) to term_alloc.o(.text) for _terminate_alloc
    sys_wrch.o(.text) refers (Special) to use_no_semi.o(.text) for __I$use$semihosting
    sys_wrch.o(.text) refers (Special) to indicate_semi.o(.text) for __semihosting_library_function
    rtexit2.o(.ARM.Collect$$rtexit$$00000003) refers to libshutdown.o(.ARM.Collect$$libshutdown$$00000000) for __rt_lib_shutdown
    rtexit2.o(.ARM.Collect$$rtexit$$00000004) refers to sys_exit.o(.text) for _sys_exit
    rtexit2.o(.ARM.exidx) refers to rtexit2.o(.ARM.Collect$$rtexit$$00000001) for .ARM.Collect$$rtexit$$00000001
    rtexit2.o(.ARM.exidx) refers to rtexit2.o(.ARM.Collect$$rtexit$$00000003) for .ARM.Collect$$rtexit$$00000003
    rtexit2.o(.ARM.exidx) refers to rtexit2.o(.ARM.Collect$$rtexit$$00000004) for .ARM.Collect$$rtexit$$00000004
    defsig.o(CL$$defsig) refers to defsig_rtmem_inner.o(.text) for __rt_SIGRTMEM_inner
    defsig_abrt_inner.o(.text) refers to defsig_general.o(.text) for __default_signal_display
    defsig_fpe_inner.o(.text) refers to defsig_general.o(.text) for __default_signal_display
    defsig_rtred_inner.o(.text) refers to defsig_general.o(.text) for __default_signal_display
    defsig_stak_inner.o(.text) refers to defsig_general.o(.text) for __default_signal_display
    defsig_pvfn_inner.o(.text) refers to defsig_general.o(.text) for __default_signal_display
    defsig_cppl_inner.o(.text) refers to defsig_general.o(.text) for __default_signal_display
    defsig_segv_inner.o(.text) refers to defsig_general.o(.text) for __default_signal_display
    defsig_other.o(.text) refers to defsig_general.o(.text) for __default_signal_display
    libshutdown.o(.ARM.Collect$$libshutdown$$00000000) refers (Special) to libshutdown2.o(.ARM.Collect$$libshutdown$$00000002) for __rt_lib_shutdown_cpp_1
    libshutdown.o(.ARM.Collect$$libshutdown$$00000000) refers (Special) to libshutdown2.o(.ARM.Collect$$libshutdown$$00000007) for __rt_lib_shutdown_fp_trap_1
    libshutdown.o(.ARM.Collect$$libshutdown$$00000000) refers (Special) to libshutdown2.o(.ARM.Collect$$libshutdown$$0000000F) for __rt_lib_shutdown_heap_1
    libshutdown.o(.ARM.Collect$$libshutdown$$00000000) refers (Special) to libshutdown2.o(.ARM.Collect$$libshutdown$$00000010) for __rt_lib_shutdown_return
    libshutdown.o(.ARM.Collect$$libshutdown$$00000000) refers (Special) to libshutdown2.o(.ARM.Collect$$libshutdown$$0000000A) for __rt_lib_shutdown_signal_1
    libshutdown.o(.ARM.Collect$$libshutdown$$00000000) refers (Special) to libshutdown2.o(.ARM.Collect$$libshutdown$$00000004) for __rt_lib_shutdown_stdio_1
    libshutdown.o(.ARM.Collect$$libshutdown$$00000000) refers (Special) to libshutdown2.o(.ARM.Collect$$libshutdown$$0000000C) for __rt_lib_shutdown_user_alloc_1


==============================================================================

Removing Unused input sections from the image.

    Removing main.o(.rev16_text), (4 bytes).
    Removing main.o(.revsh_text), (4 bytes).
    Removing main.o(.rrx_text), (6 bytes).
    Removing delay.o(.rev16_text), (4 bytes).
    Removing delay.o(.revsh_text), (4 bytes).
    Removing delay.o(.rrx_text), (6 bytes).
    Removing delay.o(i.RCC_Configuration), (62 bytes).
    Removing delay.o(i.TIM2_Init), (92 bytes).
    Removing delay.o(i.configurationLed), (44 bytes).
    Removing misc_1.o(.rev16_text), (4 bytes).
    Removing misc_1.o(.revsh_text), (4 bytes).
    Removing misc_1.o(.rrx_text), (6 bytes).
    Removing misc_1.o(i.NVIC_Init), (112 bytes).
    Removing misc_1.o(i.NVIC_PriorityGroupConfig), (20 bytes).
    Removing misc_1.o(i.NVIC_SetVectorTable), (20 bytes).
    Removing misc_1.o(i.NVIC_SystemLPConfig), (32 bytes).
    Removing misc_1.o(i.SysTick_CLKSourceConfig), (40 bytes).
    Removing stm32f10x_dma_1.o(.rev16_text), (4 bytes).
    Removing stm32f10x_dma_1.o(.revsh_text), (4 bytes).
    Removing stm32f10x_dma_1.o(.rrx_text), (6 bytes).
    Removing stm32f10x_dma_1.o(i.DMA_ClearFlag), (28 bytes).
    Removing stm32f10x_dma_1.o(i.DMA_ClearITPendingBit), (28 bytes).
    Removing stm32f10x_dma_1.o(i.DMA_Cmd), (24 bytes).
    Removing stm32f10x_dma_1.o(i.DMA_DeInit), (332 bytes).
    Removing stm32f10x_dma_1.o(i.DMA_GetCurrDataCounter), (8 bytes).
    Removing stm32f10x_dma_1.o(i.DMA_GetFlagStatus), (44 bytes).
    Removing stm32f10x_dma_1.o(i.DMA_GetITStatus), (44 bytes).
    Removing stm32f10x_dma_1.o(i.DMA_ITConfig), (18 bytes).
    Removing stm32f10x_dma_1.o(i.DMA_Init), (60 bytes).
    Removing stm32f10x_dma_1.o(i.DMA_SetCurrDataCounter), (4 bytes).
    Removing stm32f10x_dma_1.o(i.DMA_StructInit), (26 bytes).
    Removing stm32f10x_gpio_1.o(.rev16_text), (4 bytes).
    Removing stm32f10x_gpio_1.o(.revsh_text), (4 bytes).
    Removing stm32f10x_gpio_1.o(.rrx_text), (6 bytes).
    Removing stm32f10x_gpio_1.o(i.GPIO_AFIODeInit), (20 bytes).
    Removing stm32f10x_gpio_1.o(i.GPIO_DeInit), (200 bytes).
    Removing stm32f10x_gpio_1.o(i.GPIO_ETH_MediaInterfaceConfig), (12 bytes).
    Removing stm32f10x_gpio_1.o(i.GPIO_EXTILineConfig), (64 bytes).
    Removing stm32f10x_gpio_1.o(i.GPIO_EventOutputCmd), (12 bytes).
    Removing stm32f10x_gpio_1.o(i.GPIO_EventOutputConfig), (32 bytes).
    Removing stm32f10x_gpio_1.o(i.GPIO_PinLockConfig), (18 bytes).
    Removing stm32f10x_gpio_1.o(i.GPIO_PinRemapConfig), (144 bytes).
    Removing stm32f10x_gpio_1.o(i.GPIO_ReadInputData), (8 bytes).
    Removing stm32f10x_gpio_1.o(i.GPIO_ReadInputDataBit), (18 bytes).
    Removing stm32f10x_gpio_1.o(i.GPIO_ReadOutputData), (8 bytes).
    Removing stm32f10x_gpio_1.o(i.GPIO_ReadOutputDataBit), (18 bytes).
    Removing stm32f10x_gpio_1.o(i.GPIO_StructInit), (16 bytes).
    Removing stm32f10x_gpio_1.o(i.GPIO_Write), (4 bytes).
    Removing stm32f10x_gpio_1.o(i.GPIO_WriteBit), (10 bytes).
    Removing stm32f10x_rcc_1.o(.rev16_text), (4 bytes).
    Removing stm32f10x_rcc_1.o(.revsh_text), (4 bytes).
    Removing stm32f10x_rcc_1.o(.rrx_text), (6 bytes).
    Removing stm32f10x_rcc_1.o(i.RCC_ADCCLKConfig), (24 bytes).
    Removing stm32f10x_rcc_1.o(i.RCC_AHBPeriphClockCmd), (32 bytes).
    Removing stm32f10x_rcc_1.o(i.RCC_APB1PeriphClockCmd), (32 bytes).
    Removing stm32f10x_rcc_1.o(i.RCC_APB1PeriphResetCmd), (32 bytes).
    Removing stm32f10x_rcc_1.o(i.RCC_APB2PeriphResetCmd), (32 bytes).
    Removing stm32f10x_rcc_1.o(i.RCC_AdjustHSICalibrationValue), (24 bytes).
    Removing stm32f10x_rcc_1.o(i.RCC_BackupResetCmd), (12 bytes).
    Removing stm32f10x_rcc_1.o(i.RCC_ClearFlag), (20 bytes).
    Removing stm32f10x_rcc_1.o(i.RCC_ClearITPendingBit), (12 bytes).
    Removing stm32f10x_rcc_1.o(i.RCC_ClockSecuritySystemCmd), (12 bytes).
    Removing stm32f10x_rcc_1.o(i.RCC_DeInit), (76 bytes).
    Removing stm32f10x_rcc_1.o(i.RCC_GetClocksFreq), (212 bytes).
    Removing stm32f10x_rcc_1.o(i.RCC_GetFlagStatus), (60 bytes).
    Removing stm32f10x_rcc_1.o(i.RCC_GetITStatus), (24 bytes).
    Removing stm32f10x_rcc_1.o(i.RCC_GetSYSCLKSource), (16 bytes).
    Removing stm32f10x_rcc_1.o(i.RCC_HCLKConfig), (24 bytes).
    Removing stm32f10x_rcc_1.o(i.RCC_HSEConfig), (76 bytes).
    Removing stm32f10x_rcc_1.o(i.RCC_HSICmd), (12 bytes).
    Removing stm32f10x_rcc_1.o(i.RCC_ITConfig), (32 bytes).
    Removing stm32f10x_rcc_1.o(i.RCC_LSEConfig), (52 bytes).
    Removing stm32f10x_rcc_1.o(i.RCC_LSICmd), (12 bytes).
    Removing stm32f10x_rcc_1.o(i.RCC_MCOConfig), (12 bytes).
    Removing stm32f10x_rcc_1.o(i.RCC_PCLK1Config), (24 bytes).
    Removing stm32f10x_rcc_1.o(i.RCC_PCLK2Config), (24 bytes).
    Removing stm32f10x_rcc_1.o(i.RCC_PLLCmd), (12 bytes).
    Removing stm32f10x_rcc_1.o(i.RCC_PLLConfig), (28 bytes).
    Removing stm32f10x_rcc_1.o(i.RCC_RTCCLKCmd), (12 bytes).
    Removing stm32f10x_rcc_1.o(i.RCC_RTCCLKConfig), (16 bytes).
    Removing stm32f10x_rcc_1.o(i.RCC_SYSCLKConfig), (24 bytes).
    Removing stm32f10x_rcc_1.o(i.RCC_USBCLKConfig), (12 bytes).
    Removing stm32f10x_rcc_1.o(i.RCC_WaitForHSEStartUp), (56 bytes).
    Removing stm32f10x_rcc_1.o(.data), (20 bytes).
    Removing stm32f10x_spi_1.o(.rev16_text), (4 bytes).
    Removing stm32f10x_spi_1.o(.revsh_text), (4 bytes).
    Removing stm32f10x_spi_1.o(.rrx_text), (6 bytes).
    Removing stm32f10x_spi_1.o(i.I2S_Cmd), (24 bytes).
    Removing stm32f10x_spi_1.o(i.I2S_Init), (232 bytes).
    Removing stm32f10x_spi_1.o(i.I2S_StructInit), (20 bytes).
    Removing stm32f10x_spi_1.o(i.SPI_BiDirectionalLineConfig), (28 bytes).
    Removing stm32f10x_spi_1.o(i.SPI_CalculateCRC), (24 bytes).
    Removing stm32f10x_spi_1.o(i.SPI_Cmd), (24 bytes).
    Removing stm32f10x_spi_1.o(i.SPI_DataSizeConfig), (18 bytes).
    Removing stm32f10x_spi_1.o(i.SPI_GetCRC), (16 bytes).
    Removing stm32f10x_spi_1.o(i.SPI_GetCRCPolynomial), (6 bytes).
    Removing stm32f10x_spi_1.o(i.SPI_I2S_ClearFlag), (6 bytes).
    Removing stm32f10x_spi_1.o(i.SPI_I2S_ClearITPendingBit), (20 bytes).
    Removing stm32f10x_spi_1.o(i.SPI_I2S_DMACmd), (18 bytes).
    Removing stm32f10x_spi_1.o(i.SPI_I2S_DeInit), (88 bytes).
    Removing stm32f10x_spi_1.o(i.SPI_I2S_GetFlagStatus), (18 bytes).
    Removing stm32f10x_spi_1.o(i.SPI_I2S_GetITStatus), (52 bytes).
    Removing stm32f10x_spi_1.o(i.SPI_I2S_ITConfig), (32 bytes).
    Removing stm32f10x_spi_1.o(i.SPI_I2S_ReceiveData), (6 bytes).
    Removing stm32f10x_spi_1.o(i.SPI_I2S_SendData), (4 bytes).
    Removing stm32f10x_spi_1.o(i.SPI_Init), (60 bytes).
    Removing stm32f10x_spi_1.o(i.SPI_NSSInternalSoftwareConfig), (30 bytes).
    Removing stm32f10x_spi_1.o(i.SPI_SSOutputCmd), (24 bytes).
    Removing stm32f10x_spi_1.o(i.SPI_StructInit), (24 bytes).
    Removing stm32f10x_spi_1.o(i.SPI_TransmitCRC), (10 bytes).
    Removing stm32f10x_tim_1.o(.rev16_text), (4 bytes).
    Removing stm32f10x_tim_1.o(.revsh_text), (4 bytes).
    Removing stm32f10x_tim_1.o(.rrx_text), (6 bytes).
    Removing stm32f10x_tim_1.o(i.TI1_Config), (128 bytes).
    Removing stm32f10x_tim_1.o(i.TI2_Config), (152 bytes).
    Removing stm32f10x_tim_1.o(i.TI3_Config), (144 bytes).
    Removing stm32f10x_tim_1.o(i.TI4_Config), (152 bytes).
    Removing stm32f10x_tim_1.o(i.TIM_ARRPreloadConfig), (24 bytes).
    Removing stm32f10x_tim_1.o(i.TIM_BDTRConfig), (32 bytes).
    Removing stm32f10x_tim_1.o(i.TIM_BDTRStructInit), (18 bytes).
    Removing stm32f10x_tim_1.o(i.TIM_CCPreloadControl), (24 bytes).
    Removing stm32f10x_tim_1.o(i.TIM_CCxCmd), (30 bytes).
    Removing stm32f10x_tim_1.o(i.TIM_CCxNCmd), (30 bytes).
    Removing stm32f10x_tim_1.o(i.TIM_ClearFlag), (6 bytes).
    Removing stm32f10x_tim_1.o(i.TIM_ClearOC1Ref), (18 bytes).
    Removing stm32f10x_tim_1.o(i.TIM_ClearOC2Ref), (24 bytes).
    Removing stm32f10x_tim_1.o(i.TIM_ClearOC3Ref), (18 bytes).
    Removing stm32f10x_tim_1.o(i.TIM_ClearOC4Ref), (24 bytes).
    Removing stm32f10x_tim_1.o(i.TIM_Cmd), (24 bytes).
    Removing stm32f10x_tim_1.o(i.TIM_CounterModeConfig), (18 bytes).
    Removing stm32f10x_tim_1.o(i.TIM_CtrlPWMOutputs), (30 bytes).
    Removing stm32f10x_tim_1.o(i.TIM_DMACmd), (18 bytes).
    Removing stm32f10x_tim_1.o(i.TIM_DMAConfig), (10 bytes).
    Removing stm32f10x_tim_1.o(i.TIM_DeInit), (488 bytes).
    Removing stm32f10x_tim_1.o(i.TIM_ETRClockMode1Config), (54 bytes).
    Removing stm32f10x_tim_1.o(i.TIM_ETRClockMode2Config), (32 bytes).
    Removing stm32f10x_tim_1.o(i.TIM_ETRConfig), (28 bytes).
    Removing stm32f10x_tim_1.o(i.TIM_EncoderInterfaceConfig), (66 bytes).
    Removing stm32f10x_tim_1.o(i.TIM_ForcedOC1Config), (18 bytes).
    Removing stm32f10x_tim_1.o(i.TIM_ForcedOC2Config), (26 bytes).
    Removing stm32f10x_tim_1.o(i.TIM_ForcedOC3Config), (18 bytes).
    Removing stm32f10x_tim_1.o(i.TIM_ForcedOC4Config), (26 bytes).
    Removing stm32f10x_tim_1.o(i.TIM_GenerateEvent), (4 bytes).
    Removing stm32f10x_tim_1.o(i.TIM_GetCapture1), (6 bytes).
    Removing stm32f10x_tim_1.o(i.TIM_GetCapture2), (6 bytes).
    Removing stm32f10x_tim_1.o(i.TIM_GetCapture3), (6 bytes).
    Removing stm32f10x_tim_1.o(i.TIM_GetCapture4), (8 bytes).
    Removing stm32f10x_tim_1.o(i.TIM_GetCounter), (6 bytes).
    Removing stm32f10x_tim_1.o(i.TIM_GetFlagStatus), (18 bytes).
    Removing stm32f10x_tim_1.o(i.TIM_GetITStatus), (34 bytes).
    Removing stm32f10x_tim_1.o(i.TIM_GetPrescaler), (6 bytes).
    Removing stm32f10x_tim_1.o(i.TIM_ICInit), (172 bytes).
    Removing stm32f10x_tim_1.o(i.TIM_ICStructInit), (18 bytes).
    Removing stm32f10x_tim_1.o(i.TIM_ITConfig), (18 bytes).
    Removing stm32f10x_tim_1.o(i.TIM_ITRxExternalClockConfig), (24 bytes).
    Removing stm32f10x_tim_1.o(i.TIM_InternalClockConfig), (12 bytes).
    Removing stm32f10x_tim_1.o(i.TIM_OC1FastConfig), (18 bytes).
    Removing stm32f10x_tim_1.o(i.TIM_OC1Init), (152 bytes).
    Removing stm32f10x_tim_1.o(i.TIM_OC1NPolarityConfig), (18 bytes).
    Removing stm32f10x_tim_1.o(i.TIM_OC1PolarityConfig), (18 bytes).
    Removing stm32f10x_tim_1.o(i.TIM_OC1PreloadConfig), (18 bytes).
    Removing stm32f10x_tim_1.o(i.TIM_OC2FastConfig), (26 bytes).
    Removing stm32f10x_tim_1.o(i.TIM_OC2Init), (164 bytes).
    Removing stm32f10x_tim_1.o(i.TIM_OC2NPolarityConfig), (26 bytes).
    Removing stm32f10x_tim_1.o(i.TIM_OC2PolarityConfig), (26 bytes).
    Removing stm32f10x_tim_1.o(i.TIM_OC2PreloadConfig), (26 bytes).
    Removing stm32f10x_tim_1.o(i.TIM_OC3FastConfig), (18 bytes).
    Removing stm32f10x_tim_1.o(i.TIM_OC3Init), (160 bytes).
    Removing stm32f10x_tim_1.o(i.TIM_OC3NPolarityConfig), (26 bytes).
    Removing stm32f10x_tim_1.o(i.TIM_OC3PolarityConfig), (26 bytes).
    Removing stm32f10x_tim_1.o(i.TIM_OC3PreloadConfig), (18 bytes).
    Removing stm32f10x_tim_1.o(i.TIM_OC4FastConfig), (26 bytes).
    Removing stm32f10x_tim_1.o(i.TIM_OC4Init), (124 bytes).
    Removing stm32f10x_tim_1.o(i.TIM_OC4PolarityConfig), (26 bytes).
    Removing stm32f10x_tim_1.o(i.TIM_OC4PreloadConfig), (26 bytes).
    Removing stm32f10x_tim_1.o(i.TIM_OCStructInit), (20 bytes).
    Removing stm32f10x_tim_1.o(i.TIM_PWMIConfig), (124 bytes).
    Removing stm32f10x_tim_1.o(i.TIM_PrescalerConfig), (6 bytes).
    Removing stm32f10x_tim_1.o(i.TIM_SelectCCDMA), (24 bytes).
    Removing stm32f10x_tim_1.o(i.TIM_SelectCOM), (24 bytes).
    Removing stm32f10x_tim_1.o(i.TIM_SelectHallSensor), (24 bytes).
    Removing stm32f10x_tim_1.o(i.TIM_SelectInputTrigger), (18 bytes).
    Removing stm32f10x_tim_1.o(i.TIM_SelectMasterSlaveMode), (18 bytes).
    Removing stm32f10x_tim_1.o(i.TIM_SelectOCxM), (82 bytes).
    Removing stm32f10x_tim_1.o(i.TIM_SelectOnePulseMode), (18 bytes).
    Removing stm32f10x_tim_1.o(i.TIM_SelectOutputTrigger), (18 bytes).
    Removing stm32f10x_tim_1.o(i.TIM_SelectSlaveMode), (18 bytes).
    Removing stm32f10x_tim_1.o(i.TIM_SetAutoreload), (4 bytes).
    Removing stm32f10x_tim_1.o(i.TIM_SetClockDivision), (18 bytes).
    Removing stm32f10x_tim_1.o(i.TIM_SetCompare1), (4 bytes).
    Removing stm32f10x_tim_1.o(i.TIM_SetCompare2), (4 bytes).
    Removing stm32f10x_tim_1.o(i.TIM_SetCompare3), (4 bytes).
    Removing stm32f10x_tim_1.o(i.TIM_SetCompare4), (6 bytes).
    Removing stm32f10x_tim_1.o(i.TIM_SetCounter), (4 bytes).
    Removing stm32f10x_tim_1.o(i.TIM_SetIC1Prescaler), (18 bytes).
    Removing stm32f10x_tim_1.o(i.TIM_SetIC2Prescaler), (26 bytes).
    Removing stm32f10x_tim_1.o(i.TIM_SetIC3Prescaler), (18 bytes).
    Removing stm32f10x_tim_1.o(i.TIM_SetIC4Prescaler), (26 bytes).
    Removing stm32f10x_tim_1.o(i.TIM_TIxExternalClockConfig), (62 bytes).
    Removing stm32f10x_tim_1.o(i.TIM_TimeBaseInit), (164 bytes).
    Removing stm32f10x_tim_1.o(i.TIM_TimeBaseStructInit), (18 bytes).
    Removing stm32f10x_tim_1.o(i.TIM_UpdateDisableConfig), (24 bytes).
    Removing stm32f10x_tim_1.o(i.TIM_UpdateRequestConfig), (24 bytes).
    Removing gpio_stm32f10x_1.o(.rev16_text), (4 bytes).
    Removing gpio_stm32f10x_1.o(.revsh_text), (4 bytes).
    Removing gpio_stm32f10x_1.o(.rrx_text), (6 bytes).
    Removing gpio_stm32f10x_1.o(i.GPIO_AFConfigure), (156 bytes).
    Removing gpio_stm32f10x_1.o(i.GPIO_GetPortClockState), (152 bytes).
    Removing gpio_stm32f10x_1.o(i.GPIO_PinConfigure), (120 bytes).
    Removing gpio_stm32f10x_1.o(i.GPIO_PortClock), (316 bytes).
    Removing system_stm32f10x_1.o(.rev16_text), (4 bytes).
    Removing system_stm32f10x_1.o(.revsh_text), (4 bytes).
    Removing system_stm32f10x_1.o(.rrx_text), (6 bytes).
    Removing system_stm32f10x_1.o(i.SystemCoreClockUpdate), (164 bytes).
    Removing system_stm32f10x_1.o(.data), (20 bytes).

215 unused section(s) (total 8320 bytes) removed from the image.

==============================================================================

Image Symbol Table

    Local Symbols

    Symbol Name                              Value     Ov Type        Size  Object(Section)

    ../clib/angel/boardlib.s                 0x00000000   Number         0  boardinit3.o ABSOLUTE
    ../clib/angel/boardlib.s                 0x00000000   Number         0  boardinit2.o ABSOLUTE
    ../clib/angel/boardlib.s                 0x00000000   Number         0  boardinit1.o ABSOLUTE
    ../clib/angel/boardlib.s                 0x00000000   Number         0  boardshut.o ABSOLUTE
    ../clib/angel/handlers.s                 0x00000000   Number         0  __scatter_zi.o ABSOLUTE
    ../clib/angel/handlers.s                 0x00000000   Number         0  __scatter_copy.o ABSOLUTE
    ../clib/angel/kernel.s                   0x00000000   Number         0  __rtentry4.o ABSOLUTE
    ../clib/angel/kernel.s                   0x00000000   Number         0  __rtentry2.o ABSOLUTE
    ../clib/angel/kernel.s                   0x00000000   Number         0  rtexit.o ABSOLUTE
    ../clib/angel/kernel.s                   0x00000000   Number         0  rtexit2.o ABSOLUTE
    ../clib/angel/kernel.s                   0x00000000   Number         0  __rtentry.o ABSOLUTE
    ../clib/angel/rt.s                       0x00000000   Number         0  rt_heap_descriptor_intlibspace.o ABSOLUTE
    ../clib/angel/rt.s                       0x00000000   Number         0  rt_raise.o ABSOLUTE
    ../clib/angel/rt.s                       0x00000000   Number         0  rt_heap_descriptor.o ABSOLUTE
    ../clib/angel/scatter.s                  0x00000000   Number         0  __scatter.o ABSOLUTE
    ../clib/angel/startup.s                  0x00000000   Number         0  __main.o ABSOLUTE
    ../clib/angel/sys.s                      0x00000000   Number         0  sys_stackheap_outer.o ABSOLUTE
    ../clib/angel/sys.s                      0x00000000   Number         0  libspace.o ABSOLUTE
    ../clib/angel/sys.s                      0x00000000   Number         0  indicate_semi.o ABSOLUTE
    ../clib/angel/sys.s                      0x00000000   Number         0  use_no_semi.o ABSOLUTE
    ../clib/angel/sys.s                      0x00000000   Number         0  mutex_dummy.o ABSOLUTE
    ../clib/angel/sysapp.c                   0x00000000   Number         0  sys_exit.o ABSOLUTE
    ../clib/angel/sysapp.c                   0x00000000   Number         0  sys_wrch.o ABSOLUTE
    ../clib/angel/sysapp.c                   0x00000000   Number         0  sys_command.o ABSOLUTE
    ../clib/armsys.c                         0x00000000   Number         0  argv_veneer.o ABSOLUTE
    ../clib/armsys.c                         0x00000000   Number         0  no_argv.o ABSOLUTE
    ../clib/armsys.c                         0x00000000   Number         0  _get_argv_nomalloc.o ABSOLUTE
    ../clib/armsys.c                         0x00000000   Number         0  _get_argv.o ABSOLUTE
    ../clib/armsys.c                         0x00000000   Number         0  argv_veneer.o ABSOLUTE
    ../clib/heap1.c                          0x00000000   Number         0  h1_free.o ABSOLUTE
    ../clib/heap1.c                          0x00000000   Number         0  h1_free_mt.o ABSOLUTE
    ../clib/heap1.c                          0x00000000   Number         0  h1_alloc_mt.o ABSOLUTE
    ../clib/heap1.c                          0x00000000   Number         0  h1_final.o ABSOLUTE
    ../clib/heap1.c                          0x00000000   Number         0  h1_extend_mt.o ABSOLUTE
    ../clib/heap1.c                          0x00000000   Number         0  h1_final_mt.o ABSOLUTE
    ../clib/heap1.c                          0x00000000   Number         0  h1_init_mt.o ABSOLUTE
    ../clib/heap1.c                          0x00000000   Number         0  h1_init.o ABSOLUTE
    ../clib/heap1.c                          0x00000000   Number         0  h1_extend.o ABSOLUTE
    ../clib/heap1.c                          0x00000000   Number         0  h1_alloc.o ABSOLUTE
    ../clib/heap2.c                          0x00000000   Number         0  heap2.o ABSOLUTE
    ../clib/heap2.c                          0x00000000   Number         0  heap2mt.o ABSOLUTE
    ../clib/heap2.c                          0x00000000   Number         0  fdtree.o ABSOLUTE
    ../clib/heapalloc.c                      0x00000000   Number         0  heapstubs.o ABSOLUTE
    ../clib/heapalloc.c                      0x00000000   Number         0  hrguard.o ABSOLUTE
    ../clib/heapalloc.c                      0x00000000   Number         0  term_alloc.o ABSOLUTE
    ../clib/heapalloc.c                      0x00000000   Number         0  maybetermalloc2.o ABSOLUTE
    ../clib/heapalloc.c                      0x00000000   Number         0  maybetermalloc2.o ABSOLUTE
    ../clib/heapalloc.c                      0x00000000   Number         0  malloc.o ABSOLUTE
    ../clib/heapalloc.c                      0x00000000   Number         0  free.o ABSOLUTE
    ../clib/heapalloc.c                      0x00000000   Number         0  hguard.o ABSOLUTE
    ../clib/heapalloc.c                      0x00000000   Number         0  maybetermalloc1.o ABSOLUTE
    ../clib/heapalloc.c                      0x00000000   Number         0  init_alloc.o ABSOLUTE
    ../clib/heapalloc.c                      0x00000000   Number         0  maybetermalloc1.o ABSOLUTE
    ../clib/heapaux.c                        0x00000000   Number         0  heapauxa.o ABSOLUTE
    ../clib/heapaux.c                        0x00000000   Number         0  heapauxi.o ABSOLUTE
    ../clib/libinit.s                        0x00000000   Number         0  libinit.o ABSOLUTE
    ../clib/libinit.s                        0x00000000   Number         0  libshutdown2.o ABSOLUTE
    ../clib/libinit.s                        0x00000000   Number         0  libinit2.o ABSOLUTE
    ../clib/libinit.s                        0x00000000   Number         0  libshutdown.o ABSOLUTE
    ../clib/memcpset.s                       0x00000000   Number         0  rt_memcpy_w.o ABSOLUTE
    ../clib/signal.c                         0x00000000   Number         0  defsig_rtmem_formal.o ABSOLUTE
    ../clib/signal.c                         0x00000000   Number         0  defsig_exit.o ABSOLUTE
    ../clib/signal.c                         0x00000000   Number         0  defsig_abrt_inner.o ABSOLUTE
    ../clib/signal.c                         0x00000000   Number         0  defsig_fpe_inner.o ABSOLUTE
    ../clib/signal.c                         0x00000000   Number         0  defsig_general.o ABSOLUTE
    ../clib/signal.c                         0x00000000   Number         0  defsig_stak_inner.o ABSOLUTE
    ../clib/signal.c                         0x00000000   Number         0  defsig_pvfn_inner.o ABSOLUTE
    ../clib/signal.c                         0x00000000   Number         0  defsig_cppl_inner.o ABSOLUTE
    ../clib/signal.c                         0x00000000   Number         0  defsig_segv_inner.o ABSOLUTE
    ../clib/signal.c                         0x00000000   Number         0  defsig_other.o ABSOLUTE
    ../clib/signal.c                         0x00000000   Number         0  defsig_rtmem_inner.o ABSOLUTE
    ../clib/signal.c                         0x00000000   Number         0  defsig_rtmem_outer.o ABSOLUTE
    ../clib/signal.c                         0x00000000   Number         0  __raise.o ABSOLUTE
    ../clib/signal.c                         0x00000000   Number         0  defsig_rtred_inner.o ABSOLUTE
    ../clib/signal.s                         0x00000000   Number         0  defsig.o ABSOLUTE
    ../clib/stdlib.c                         0x00000000   Number         0  exit.o ABSOLUTE
    ../fplib/fpinit.s                        0x00000000   Number         0  fpinit.o ABSOLUTE
    C:\Keil_v5\ARM\PACK\Keil\STM32F1xx_DFP\2.4.1\Device\StdPeriph_Driver\src\misc.c 0x00000000   Number         0  misc_1.o ABSOLUTE
    C:\Keil_v5\ARM\PACK\Keil\STM32F1xx_DFP\2.4.1\Device\StdPeriph_Driver\src\stm32f10x_dma.c 0x00000000   Number         0  stm32f10x_dma_1.o ABSOLUTE
    C:\Keil_v5\ARM\PACK\Keil\STM32F1xx_DFP\2.4.1\Device\StdPeriph_Driver\src\stm32f10x_gpio.c 0x00000000   Number         0  stm32f10x_gpio_1.o ABSOLUTE
    C:\Keil_v5\ARM\PACK\Keil\STM32F1xx_DFP\2.4.1\Device\StdPeriph_Driver\src\stm32f10x_rcc.c 0x00000000   Number         0  stm32f10x_rcc_1.o ABSOLUTE
    C:\Keil_v5\ARM\PACK\Keil\STM32F1xx_DFP\2.4.1\Device\StdPeriph_Driver\src\stm32f10x_spi.c 0x00000000   Number         0  stm32f10x_spi_1.o ABSOLUTE
    C:\Keil_v5\ARM\PACK\Keil\STM32F1xx_DFP\2.4.1\Device\StdPeriph_Driver\src\stm32f10x_tim.c 0x00000000   Number         0  stm32f10x_tim_1.o ABSOLUTE
    C:\Keil_v5\ARM\PACK\Keil\STM32F1xx_DFP\2.4.1\RTE_Driver\GPIO_STM32F10x.c 0x00000000   Number         0  gpio_stm32f10x_1.o ABSOLUTE
    C:\\Keil_v5\\ARM\\PACK\\Keil\\STM32F1xx_DFP\\2.4.1\\Device\\StdPeriph_Driver\\src\\misc.c 0x00000000   Number         0  misc_1.o ABSOLUTE
    C:\\Keil_v5\\ARM\\PACK\\Keil\\STM32F1xx_DFP\\2.4.1\\Device\\StdPeriph_Driver\\src\\stm32f10x_dma.c 0x00000000   Number         0  stm32f10x_dma_1.o ABSOLUTE
    C:\\Keil_v5\\ARM\\PACK\\Keil\\STM32F1xx_DFP\\2.4.1\\Device\\StdPeriph_Driver\\src\\stm32f10x_gpio.c 0x00000000   Number         0  stm32f10x_gpio_1.o ABSOLUTE
    C:\\Keil_v5\\ARM\\PACK\\Keil\\STM32F1xx_DFP\\2.4.1\\Device\\StdPeriph_Driver\\src\\stm32f10x_rcc.c 0x00000000   Number         0  stm32f10x_rcc_1.o ABSOLUTE
    C:\\Keil_v5\\ARM\\PACK\\Keil\\STM32F1xx_DFP\\2.4.1\\Device\\StdPeriph_Driver\\src\\stm32f10x_spi.c 0x00000000   Number         0  stm32f10x_spi_1.o ABSOLUTE
    C:\\Keil_v5\\ARM\\PACK\\Keil\\STM32F1xx_DFP\\2.4.1\\Device\\StdPeriph_Driver\\src\\stm32f10x_tim.c 0x00000000   Number         0  stm32f10x_tim_1.o ABSOLUTE
    C:\\Keil_v5\\ARM\\PACK\\Keil\\STM32F1xx_DFP\\2.4.1\\RTE_Driver\\GPIO_STM32F10x.c 0x00000000   Number         0  gpio_stm32f10x_1.o ABSOLUTE
    Delay.c                                  0x00000000   Number         0  delay.o ABSOLUTE
    Delay.c                                  0x00000000   Number         0  delay.o ABSOLUTE
    RTE\Device\STM32F103C8\startup_stm32f10x_md.s 0x00000000   Number         0  startup_stm32f10x_md_2.o ABSOLUTE
    RTE\Device\STM32F103C8\system_stm32f10x.c 0x00000000   Number         0  system_stm32f10x_1.o ABSOLUTE
    RTE\\Device\\STM32F103C8\\system_stm32f10x.c 0x00000000   Number         0  system_stm32f10x_1.o ABSOLUTE
    dc.s                                     0x00000000   Number         0  dc.o ABSOLUTE
    main.c                                   0x00000000   Number         0  main.o ABSOLUTE
    main.c                                   0x00000000   Number         0  main.o ABSOLUTE
    RESET                                    0x08000000   Section      236  startup_stm32f10x_md_2.o(RESET)
    !!!main                                  0x080000ec   Section        8  __main.o(!!!main)
    !!!scatter                               0x080000f4   Section       52  __scatter.o(!!!scatter)
    !!handler_copy                           0x08000128   Section       26  __scatter_copy.o(!!handler_copy)
    !!handler_zi                             0x08000144   Section       28  __scatter_zi.o(!!handler_zi)
    .ARM.Collect$$libinit$$00000000          0x08000160   Section        2  libinit.o(.ARM.Collect$$libinit$$00000000)
    .ARM.Collect$$libinit$$00000002          0x08000162   Section        0  libinit2.o(.ARM.Collect$$libinit$$00000002)
    .ARM.Collect$$libinit$$00000004          0x08000162   Section        0  libinit2.o(.ARM.Collect$$libinit$$00000004)
    .ARM.Collect$$libinit$$00000005          0x08000162   Section        8  libinit2.o(.ARM.Collect$$libinit$$00000005)
    .ARM.Collect$$libinit$$0000000A          0x0800016a   Section        0  libinit2.o(.ARM.Collect$$libinit$$0000000A)
    .ARM.Collect$$libinit$$0000000C          0x0800016a   Section        0  libinit2.o(.ARM.Collect$$libinit$$0000000C)
    .ARM.Collect$$libinit$$0000000E          0x0800016a   Section        0  libinit2.o(.ARM.Collect$$libinit$$0000000E)
    .ARM.Collect$$libinit$$00000011          0x0800016a   Section        0  libinit2.o(.ARM.Collect$$libinit$$00000011)
    .ARM.Collect$$libinit$$00000013          0x0800016a   Section        0  libinit2.o(.ARM.Collect$$libinit$$00000013)
    .ARM.Collect$$libinit$$00000015          0x0800016a   Section        0  libinit2.o(.ARM.Collect$$libinit$$00000015)
    .ARM.Collect$$libinit$$00000017          0x0800016a   Section        0  libinit2.o(.ARM.Collect$$libinit$$00000017)
    .ARM.Collect$$libinit$$00000019          0x0800016a   Section        0  libinit2.o(.ARM.Collect$$libinit$$00000019)
    .ARM.Collect$$libinit$$0000001B          0x0800016a   Section        0  libinit2.o(.ARM.Collect$$libinit$$0000001B)
    .ARM.Collect$$libinit$$0000001D          0x0800016a   Section        0  libinit2.o(.ARM.Collect$$libinit$$0000001D)
    .ARM.Collect$$libinit$$0000001F          0x0800016a   Section        0  libinit2.o(.ARM.Collect$$libinit$$0000001F)
    .ARM.Collect$$libinit$$00000021          0x0800016a   Section        0  libinit2.o(.ARM.Collect$$libinit$$00000021)
    .ARM.Collect$$libinit$$00000023          0x0800016a   Section        0  libinit2.o(.ARM.Collect$$libinit$$00000023)
    .ARM.Collect$$libinit$$00000025          0x0800016a   Section        0  libinit2.o(.ARM.Collect$$libinit$$00000025)
    .ARM.Collect$$libinit$$0000002C          0x0800016a   Section        0  libinit2.o(.ARM.Collect$$libinit$$0000002C)
    .ARM.Collect$$libinit$$0000002E          0x0800016a   Section        0  libinit2.o(.ARM.Collect$$libinit$$0000002E)
    .ARM.Collect$$libinit$$00000030          0x0800016a   Section        0  libinit2.o(.ARM.Collect$$libinit$$00000030)
    .ARM.Collect$$libinit$$00000032          0x0800016a   Section        0  libinit2.o(.ARM.Collect$$libinit$$00000032)
    .ARM.Collect$$libinit$$00000033          0x0800016a   Section        2  libinit2.o(.ARM.Collect$$libinit$$00000033)
    .ARM.Collect$$libshutdown$$00000000      0x0800016c   Section        2  libshutdown.o(.ARM.Collect$$libshutdown$$00000000)
    .ARM.Collect$$libshutdown$$00000002      0x0800016e   Section        0  libshutdown2.o(.ARM.Collect$$libshutdown$$00000002)
    .ARM.Collect$$libshutdown$$00000004      0x0800016e   Section        0  libshutdown2.o(.ARM.Collect$$libshutdown$$00000004)
    .ARM.Collect$$libshutdown$$00000007      0x0800016e   Section        0  libshutdown2.o(.ARM.Collect$$libshutdown$$00000007)
    .ARM.Collect$$libshutdown$$0000000A      0x0800016e   Section        0  libshutdown2.o(.ARM.Collect$$libshutdown$$0000000A)
    .ARM.Collect$$libshutdown$$0000000C      0x0800016e   Section        0  libshutdown2.o(.ARM.Collect$$libshutdown$$0000000C)
    .ARM.Collect$$libshutdown$$0000000F      0x0800016e   Section        0  libshutdown2.o(.ARM.Collect$$libshutdown$$0000000F)
    .ARM.Collect$$libshutdown$$00000010      0x0800016e   Section        2  libshutdown2.o(.ARM.Collect$$libshutdown$$00000010)
    .ARM.Collect$$rtentry$$00000000          0x08000170   Section        0  __rtentry.o(.ARM.Collect$$rtentry$$00000000)
    .ARM.Collect$$rtentry$$00000002          0x08000170   Section        0  __rtentry2.o(.ARM.Collect$$rtentry$$00000002)
    .ARM.Collect$$rtentry$$00000004          0x08000170   Section        6  __rtentry4.o(.ARM.Collect$$rtentry$$00000004)
    .ARM.Collect$$rtentry$$00000009          0x08000176   Section        0  __rtentry2.o(.ARM.Collect$$rtentry$$00000009)
    .ARM.Collect$$rtentry$$0000000A          0x08000176   Section        4  __rtentry2.o(.ARM.Collect$$rtentry$$0000000A)
    .ARM.Collect$$rtentry$$0000000C          0x0800017a   Section        0  __rtentry2.o(.ARM.Collect$$rtentry$$0000000C)
    .ARM.Collect$$rtentry$$0000000D          0x0800017a   Section        8  __rtentry2.o(.ARM.Collect$$rtentry$$0000000D)
    .ARM.Collect$$rtexit$$00000000           0x08000182   Section        2  rtexit.o(.ARM.Collect$$rtexit$$00000000)
    .ARM.Collect$$rtexit$$00000002           0x08000184   Section        0  rtexit2.o(.ARM.Collect$$rtexit$$00000002)
    .ARM.Collect$$rtexit$$00000003           0x08000184   Section        4  rtexit2.o(.ARM.Collect$$rtexit$$00000003)
    .ARM.Collect$$rtexit$$00000004           0x08000188   Section        6  rtexit2.o(.ARM.Collect$$rtexit$$00000004)
    .emb_text                                0x08000190   Section        0  maybetermalloc1.o(.emb_text)
    .text                                    0x08000190   Section       64  startup_stm32f10x_md_2.o(.text)
    .text                                    0x080001d0   Section        0  h1_alloc.o(.text)
    .text                                    0x0800022e   Section        0  h1_free.o(.text)
    .text                                    0x0800027c   Section        0  heapauxi.o(.text)
    .text                                    0x08000284   Section        8  rt_heap_descriptor_intlibspace.o(.text)
    .text                                    0x0800028c   Section        0  hguard.o(.text)
    .text                                    0x08000290   Section        0  init_alloc.o(.text)
    .text                                    0x0800031a   Section        0  h1_init.o(.text)
    .text                                    0x08000328   Section        8  libspace.o(.text)
    .text                                    0x08000330   Section        0  h1_extend.o(.text)
    .text                                    0x08000364   Section        0  defsig_rtmem_outer.o(.text)
    .text                                    0x08000372   Section        2  use_no_semi.o(.text)
    .text                                    0x08000374   Section       74  sys_stackheap_outer.o(.text)
    .text                                    0x08000374   Section        0  indicate_semi.o(.text)
    .text                                    0x080003be   Section        0  exit.o(.text)
    .text                                    0x080003d0   Section        0  defsig_exit.o(.text)
    .text                                    0x080003dc   Section        0  defsig_rtmem_inner.o(.text)
    .text                                    0x0800042c   Section        0  sys_exit.o(.text)
    .text                                    0x08000438   Section        0  defsig_general.o(.text)
    .text                                    0x0800046a   Section        0  sys_wrch.o(.text)
    i.GPIO_Init                              0x08000478   Section        0  stm32f10x_gpio_1.o(i.GPIO_Init)
    i.GPIO_ResetBits                         0x0800058e   Section        0  stm32f10x_gpio_1.o(i.GPIO_ResetBits)
    i.GPIO_SetBits                           0x08000592   Section        0  stm32f10x_gpio_1.o(i.GPIO_SetBits)
    i.RCC_APB2PeriphClockCmd                 0x08000598   Section        0  stm32f10x_rcc_1.o(i.RCC_APB2PeriphClockCmd)
    i.SetSysClock                            0x080005b8   Section        0  system_stm32f10x_1.o(i.SetSysClock)
    SetSysClock                              0x080005b9   Thumb Code     8  system_stm32f10x_1.o(i.SetSysClock)
    i.SetSysClockTo72                        0x080005c0   Section        0  system_stm32f10x_1.o(i.SetSysClockTo72)
    SetSysClockTo72                          0x080005c1   Thumb Code   214  system_stm32f10x_1.o(i.SetSysClockTo72)
    i.SystemInit                             0x080006a0   Section        0  system_stm32f10x_1.o(i.SystemInit)
    i.TIM2_IRQHandler                        0x08000700   Section        0  delay.o(i.TIM2_IRQHandler)
    i.TIM_ClearITPendingBit                  0x0800071c   Section        0  stm32f10x_tim_1.o(i.TIM_ClearITPendingBit)
    i.clockPulse                             0x08000724   Section        0  main.o(i.clockPulse)
    i.configuration                          0x0800074c   Section        0  main.o(i.configuration)
    i.delayMs                                0x080007a0   Section        0  delay.o(i.delayMs)
    i.ledCode                                0x080007b8   Section        0  main.o(i.ledCode)
    i.main                                   0x080007e0   Section        0  main.o(i.main)
    i.spiInit                                0x08000824   Section        0  main.o(i.spiInit)
    i.transmitData                           0x0800084c   Section        0  main.o(i.transmitData)
    .data                                    0x20000000   Section        2  delay.o(.data)
    miliSecond                               0x20000000   Data           2  delay.o(.data)
    .bss                                     0x20000004   Section       96  libspace.o(.bss)
    HEAP                                     0x20000068   Section      512  startup_stm32f10x_md_2.o(HEAP)
    Heap_Mem                                 0x20000068   Data         512  startup_stm32f10x_md_2.o(HEAP)
    STACK                                    0x20000268   Section     1024  startup_stm32f10x_md_2.o(STACK)
    Stack_Mem                                0x20000268   Data        1024  startup_stm32f10x_md_2.o(STACK)
    __initial_sp                             0x20000668   Data           0  startup_stm32f10x_md_2.o(STACK)

    Global Symbols

    Symbol Name                              Value     Ov Type        Size  Object(Section)

    BuildAttributes$$THM_ISAv4$P$D$K$B$S$PE$A:L22UL41UL21$X:L11$S22US41US21$IEEE1$IW$USESV6$~STKCKD$USESV7$~SHL$OTIME$ROPI$EBA8$UX$STANDARDLIB$REQ8$PRES8$EABIv2 0x00000000   Number         0  anon$$obj.o ABSOLUTE
    __ARM_use_no_argv                        0x00000000   Number         0  main.o ABSOLUTE
    __ARM_exceptions_init                     - Undefined Weak Reference
    __alloca_initialize                       - Undefined Weak Reference
    __arm_preinit_                            - Undefined Weak Reference
    __cpp_initialize__aeabi_                  - Undefined Weak Reference
    __cxa_finalize                            - Undefined Weak Reference
    __rt_locale                               - Undefined Weak Reference
    __sigvec_lookup                           - Undefined Weak Reference
    __user_heap_extent                        - Undefined Weak Reference
    _atexit_init                              - Undefined Weak Reference
    _call_atexit_fns                          - Undefined Weak Reference
    _clock_init                               - Undefined Weak Reference
    _fp_trap_init                             - Undefined Weak Reference
    _fp_trap_shutdown                         - Undefined Weak Reference
    _get_lc_collate                           - Undefined Weak Reference
    _get_lc_ctype                             - Undefined Weak Reference
    _get_lc_monetary                          - Undefined Weak Reference
    _get_lc_numeric                           - Undefined Weak Reference
    _get_lc_time                              - Undefined Weak Reference
    _getenv_init                              - Undefined Weak Reference
    _handle_redirection                       - Undefined Weak Reference
    _initio                                   - Undefined Weak Reference
    _mutex_acquire                            - Undefined Weak Reference
    _mutex_free                               - Undefined Weak Reference
    _mutex_release                            - Undefined Weak Reference
    _rand_init                                - Undefined Weak Reference
    _signal_finish                            - Undefined Weak Reference
    _signal_init                              - Undefined Weak Reference
    _terminateio                              - Undefined Weak Reference
    __Vectors_Size                           0x000000ec   Number         0  startup_stm32f10x_md_2.o ABSOLUTE
    __Vectors                                0x08000000   Data           4  startup_stm32f10x_md_2.o(RESET)
    __Vectors_End                            0x080000ec   Data           0  startup_stm32f10x_md_2.o(RESET)
    __main                                   0x080000ed   Thumb Code     8  __main.o(!!!main)
    __scatterload                            0x080000f5   Thumb Code     0  __scatter.o(!!!scatter)
    __scatterload_rt2                        0x080000f5   Thumb Code    44  __scatter.o(!!!scatter)
    __scatterload_rt2_thumb_only             0x080000f5   Thumb Code     0  __scatter.o(!!!scatter)
    __scatterload_null                       0x08000103   Thumb Code     0  __scatter.o(!!!scatter)
    __scatterload_copy                       0x08000129   Thumb Code    26  __scatter_copy.o(!!handler_copy)
    __scatterload_zeroinit                   0x08000145   Thumb Code    28  __scatter_zi.o(!!handler_zi)
    __rt_lib_init                            0x08000161   Thumb Code     0  libinit.o(.ARM.Collect$$libinit$$00000000)
    __rt_lib_init_fp_1                       0x08000163   Thumb Code     0  libinit2.o(.ARM.Collect$$libinit$$00000002)
    __rt_lib_init_heap_2                     0x08000163   Thumb Code     0  libinit2.o(.ARM.Collect$$libinit$$00000005)
    __rt_lib_init_preinit_1                  0x08000163   Thumb Code     0  libinit2.o(.ARM.Collect$$libinit$$00000004)
    __rt_lib_init_alloca_1                   0x0800016b   Thumb Code     0  libinit2.o(.ARM.Collect$$libinit$$0000002E)
    __rt_lib_init_argv_1                     0x0800016b   Thumb Code     0  libinit2.o(.ARM.Collect$$libinit$$0000002C)
    __rt_lib_init_atexit_1                   0x0800016b   Thumb Code     0  libinit2.o(.ARM.Collect$$libinit$$0000001B)
    __rt_lib_init_clock_1                    0x0800016b   Thumb Code     0  libinit2.o(.ARM.Collect$$libinit$$00000021)
    __rt_lib_init_cpp_1                      0x0800016b   Thumb Code     0  libinit2.o(.ARM.Collect$$libinit$$00000032)
    __rt_lib_init_exceptions_1               0x0800016b   Thumb Code     0  libinit2.o(.ARM.Collect$$libinit$$00000030)
    __rt_lib_init_fp_trap_1                  0x0800016b   Thumb Code     0  libinit2.o(.ARM.Collect$$libinit$$0000001F)
    __rt_lib_init_getenv_1                   0x0800016b   Thumb Code     0  libinit2.o(.ARM.Collect$$libinit$$00000023)
    __rt_lib_init_heap_1                     0x0800016b   Thumb Code     0  libinit2.o(.ARM.Collect$$libinit$$0000000A)
    __rt_lib_init_lc_collate_1               0x0800016b   Thumb Code     0  libinit2.o(.ARM.Collect$$libinit$$00000011)
    __rt_lib_init_lc_ctype_1                 0x0800016b   Thumb Code     0  libinit2.o(.ARM.Collect$$libinit$$00000013)
    __rt_lib_init_lc_monetary_1              0x0800016b   Thumb Code     0  libinit2.o(.ARM.Collect$$libinit$$00000015)
    __rt_lib_init_lc_numeric_1               0x0800016b   Thumb Code     0  libinit2.o(.ARM.Collect$$libinit$$00000017)
    __rt_lib_init_lc_time_1                  0x0800016b   Thumb Code     0  libinit2.o(.ARM.Collect$$libinit$$00000019)
    __rt_lib_init_rand_1                     0x0800016b   Thumb Code     0  libinit2.o(.ARM.Collect$$libinit$$0000000E)
    __rt_lib_init_return                     0x0800016b   Thumb Code     0  libinit2.o(.ARM.Collect$$libinit$$00000033)
    __rt_lib_init_signal_1                   0x0800016b   Thumb Code     0  libinit2.o(.ARM.Collect$$libinit$$0000001D)
    __rt_lib_init_stdio_1                    0x0800016b   Thumb Code     0  libinit2.o(.ARM.Collect$$libinit$$00000025)
    __rt_lib_init_user_alloc_1               0x0800016b   Thumb Code     0  libinit2.o(.ARM.Collect$$libinit$$0000000C)
    __rt_lib_shutdown                        0x0800016d   Thumb Code     0  libshutdown.o(.ARM.Collect$$libshutdown$$00000000)
    __rt_lib_shutdown_cpp_1                  0x0800016f   Thumb Code     0  libshutdown2.o(.ARM.Collect$$libshutdown$$00000002)
    __rt_lib_shutdown_fp_trap_1              0x0800016f   Thumb Code     0  libshutdown2.o(.ARM.Collect$$libshutdown$$00000007)
    __rt_lib_shutdown_heap_1                 0x0800016f   Thumb Code     0  libshutdown2.o(.ARM.Collect$$libshutdown$$0000000F)
    __rt_lib_shutdown_return                 0x0800016f   Thumb Code     0  libshutdown2.o(.ARM.Collect$$libshutdown$$00000010)
    __rt_lib_shutdown_signal_1               0x0800016f   Thumb Code     0  libshutdown2.o(.ARM.Collect$$libshutdown$$0000000A)
    __rt_lib_shutdown_stdio_1                0x0800016f   Thumb Code     0  libshutdown2.o(.ARM.Collect$$libshutdown$$00000004)
    __rt_lib_shutdown_user_alloc_1           0x0800016f   Thumb Code     0  libshutdown2.o(.ARM.Collect$$libshutdown$$0000000C)
    __rt_entry                               0x08000171   Thumb Code     0  __rtentry.o(.ARM.Collect$$rtentry$$00000000)
    __rt_entry_presh_1                       0x08000171   Thumb Code     0  __rtentry2.o(.ARM.Collect$$rtentry$$00000002)
    __rt_entry_sh                            0x08000171   Thumb Code     0  __rtentry4.o(.ARM.Collect$$rtentry$$00000004)
    __rt_entry_li                            0x08000177   Thumb Code     0  __rtentry2.o(.ARM.Collect$$rtentry$$0000000A)
    __rt_entry_postsh_1                      0x08000177   Thumb Code     0  __rtentry2.o(.ARM.Collect$$rtentry$$00000009)
    __rt_entry_main                          0x0800017b   Thumb Code     0  __rtentry2.o(.ARM.Collect$$rtentry$$0000000D)
    __rt_entry_postli_1                      0x0800017b   Thumb Code     0  __rtentry2.o(.ARM.Collect$$rtentry$$0000000C)
    __rt_exit                                0x08000183   Thumb Code     0  rtexit.o(.ARM.Collect$$rtexit$$00000000)
    __rt_exit_ls                             0x08000185   Thumb Code     0  rtexit2.o(.ARM.Collect$$rtexit$$00000003)
    __rt_exit_prels_1                        0x08000185   Thumb Code     0  rtexit2.o(.ARM.Collect$$rtexit$$00000002)
    __rt_exit_exit                           0x08000189   Thumb Code     0  rtexit2.o(.ARM.Collect$$rtexit$$00000004)
    Reset_Handler                            0x08000191   Thumb Code     8  startup_stm32f10x_md_2.o(.text)
    _maybe_terminate_alloc                   0x08000191   Thumb Code     0  maybetermalloc1.o(.emb_text)
    NMI_Handler                              0x08000199   Thumb Code     2  startup_stm32f10x_md_2.o(.text)
    HardFault_Handler                        0x0800019b   Thumb Code     2  startup_stm32f10x_md_2.o(.text)
    MemManage_Handler                        0x0800019d   Thumb Code     2  startup_stm32f10x_md_2.o(.text)
    BusFault_Handler                         0x0800019f   Thumb Code     2  startup_stm32f10x_md_2.o(.text)
    UsageFault_Handler                       0x080001a1   Thumb Code     2  startup_stm32f10x_md_2.o(.text)
    SVC_Handler                              0x080001a3   Thumb Code     2  startup_stm32f10x_md_2.o(.text)
    DebugMon_Handler                         0x080001a5   Thumb Code     2  startup_stm32f10x_md_2.o(.text)
    PendSV_Handler                           0x080001a7   Thumb Code     2  startup_stm32f10x_md_2.o(.text)
    SysTick_Handler                          0x080001a9   Thumb Code     2  startup_stm32f10x_md_2.o(.text)
    ADC1_2_IRQHandler                        0x080001ab   Thumb Code     0  startup_stm32f10x_md_2.o(.text)
    CAN1_RX1_IRQHandler                      0x080001ab   Thumb Code     0  startup_stm32f10x_md_2.o(.text)
    CAN1_SCE_IRQHandler                      0x080001ab   Thumb Code     0  startup_stm32f10x_md_2.o(.text)
    DMA1_Channel1_IRQHandler                 0x080001ab   Thumb Code     0  startup_stm32f10x_md_2.o(.text)
    DMA1_Channel2_IRQHandler                 0x080001ab   Thumb Code     0  startup_stm32f10x_md_2.o(.text)
    DMA1_Channel3_IRQHandler                 0x080001ab   Thumb Code     0  startup_stm32f10x_md_2.o(.text)
    DMA1_Channel4_IRQHandler                 0x080001ab   Thumb Code     0  startup_stm32f10x_md_2.o(.text)
    DMA1_Channel5_IRQHandler                 0x080001ab   Thumb Code     0  startup_stm32f10x_md_2.o(.text)
    DMA1_Channel6_IRQHandler                 0x080001ab   Thumb Code     0  startup_stm32f10x_md_2.o(.text)
    DMA1_Channel7_IRQHandler                 0x080001ab   Thumb Code     0  startup_stm32f10x_md_2.o(.text)
    EXTI0_IRQHandler                         0x080001ab   Thumb Code     0  startup_stm32f10x_md_2.o(.text)
    EXTI15_10_IRQHandler                     0x080001ab   Thumb Code     0  startup_stm32f10x_md_2.o(.text)
    EXTI1_IRQHandler                         0x080001ab   Thumb Code     0  startup_stm32f10x_md_2.o(.text)
    EXTI2_IRQHandler                         0x080001ab   Thumb Code     0  startup_stm32f10x_md_2.o(.text)
    EXTI3_IRQHandler                         0x080001ab   Thumb Code     0  startup_stm32f10x_md_2.o(.text)
    EXTI4_IRQHandler                         0x080001ab   Thumb Code     0  startup_stm32f10x_md_2.o(.text)
    EXTI9_5_IRQHandler                       0x080001ab   Thumb Code     0  startup_stm32f10x_md_2.o(.text)
    FLASH_IRQHandler                         0x080001ab   Thumb Code     0  startup_stm32f10x_md_2.o(.text)
    I2C1_ER_IRQHandler                       0x080001ab   Thumb Code     0  startup_stm32f10x_md_2.o(.text)
    I2C1_EV_IRQHandler                       0x080001ab   Thumb Code     0  startup_stm32f10x_md_2.o(.text)
    I2C2_ER_IRQHandler                       0x080001ab   Thumb Code     0  startup_stm32f10x_md_2.o(.text)
    I2C2_EV_IRQHandler                       0x080001ab   Thumb Code     0  startup_stm32f10x_md_2.o(.text)
    PVD_IRQHandler                           0x080001ab   Thumb Code     0  startup_stm32f10x_md_2.o(.text)
    RCC_IRQHandler                           0x080001ab   Thumb Code     0  startup_stm32f10x_md_2.o(.text)
    RTCAlarm_IRQHandler                      0x080001ab   Thumb Code     0  startup_stm32f10x_md_2.o(.text)
    RTC_IRQHandler                           0x080001ab   Thumb Code     0  startup_stm32f10x_md_2.o(.text)
    SPI1_IRQHandler                          0x080001ab   Thumb Code     0  startup_stm32f10x_md_2.o(.text)
    SPI2_IRQHandler                          0x080001ab   Thumb Code     0  startup_stm32f10x_md_2.o(.text)
    TAMPER_IRQHandler                        0x080001ab   Thumb Code     0  startup_stm32f10x_md_2.o(.text)
    TIM1_BRK_IRQHandler                      0x080001ab   Thumb Code     0  startup_stm32f10x_md_2.o(.text)
    TIM1_CC_IRQHandler                       0x080001ab   Thumb Code     0  startup_stm32f10x_md_2.o(.text)
    TIM1_TRG_COM_IRQHandler                  0x080001ab   Thumb Code     0  startup_stm32f10x_md_2.o(.text)
    TIM1_UP_IRQHandler                       0x080001ab   Thumb Code     0  startup_stm32f10x_md_2.o(.text)
    TIM3_IRQHandler                          0x080001ab   Thumb Code     0  startup_stm32f10x_md_2.o(.text)
    TIM4_IRQHandler                          0x080001ab   Thumb Code     0  startup_stm32f10x_md_2.o(.text)
    USART1_IRQHandler                        0x080001ab   Thumb Code     0  startup_stm32f10x_md_2.o(.text)
    USART2_IRQHandler                        0x080001ab   Thumb Code     0  startup_stm32f10x_md_2.o(.text)
    USART3_IRQHandler                        0x080001ab   Thumb Code     0  startup_stm32f10x_md_2.o(.text)
    USBWakeUp_IRQHandler                     0x080001ab   Thumb Code     0  startup_stm32f10x_md_2.o(.text)
    USB_HP_CAN1_TX_IRQHandler                0x080001ab   Thumb Code     0  startup_stm32f10x_md_2.o(.text)
    USB_LP_CAN1_RX0_IRQHandler               0x080001ab   Thumb Code     0  startup_stm32f10x_md_2.o(.text)
    WWDG_IRQHandler                          0x080001ab   Thumb Code     0  startup_stm32f10x_md_2.o(.text)
    __user_initial_stackheap                 0x080001ad   Thumb Code     0  startup_stm32f10x_md_2.o(.text)
    malloc                                   0x080001d1   Thumb Code    94  h1_alloc.o(.text)
    free                                     0x0800022f   Thumb Code    78  h1_free.o(.text)
    __use_two_region_memory                  0x0800027d   Thumb Code     2  heapauxi.o(.text)
    __rt_heap_escrow                         0x0800027f   Thumb Code     2  heapauxi.o(.text)
    __rt_heap_expand                         0x08000281   Thumb Code     2  heapauxi.o(.text)
    __rt_heap_descriptor                     0x08000285   Thumb Code     8  rt_heap_descriptor_intlibspace.o(.text)
    __use_no_heap                            0x0800028d   Thumb Code     2  hguard.o(.text)
    __heap$guard                             0x0800028f   Thumb Code     2  hguard.o(.text)
    _terminate_user_alloc                    0x08000291   Thumb Code     2  init_alloc.o(.text)
    _init_user_alloc                         0x08000293   Thumb Code     2  init_alloc.o(.text)
    __Heap_Full                              0x08000295   Thumb Code    34  init_alloc.o(.text)
    __Heap_Broken                            0x080002b7   Thumb Code     6  init_alloc.o(.text)
    _init_alloc                              0x080002bd   Thumb Code    94  init_alloc.o(.text)
    __Heap_Initialize                        0x0800031b   Thumb Code    10  h1_init.o(.text)
    __Heap_DescSize                          0x08000325   Thumb Code     4  h1_init.o(.text)
    __user_libspace                          0x08000329   Thumb Code     8  libspace.o(.text)
    __user_perproc_libspace                  0x08000329   Thumb Code     0  libspace.o(.text)
    __user_perthread_libspace                0x08000329   Thumb Code     0  libspace.o(.text)
    __Heap_ProvideMemory                     0x08000331   Thumb Code    52  h1_extend.o(.text)
    __rt_SIGRTMEM                            0x08000365   Thumb Code    14  defsig_rtmem_outer.o(.text)
    __I$use$semihosting                      0x08000373   Thumb Code     0  use_no_semi.o(.text)
    __use_no_semihosting_swi                 0x08000373   Thumb Code     2  use_no_semi.o(.text)
    __semihosting_library_function           0x08000375   Thumb Code     0  indicate_semi.o(.text)
    __user_setup_stackheap                   0x08000375   Thumb Code    74  sys_stackheap_outer.o(.text)
    exit                                     0x080003bf   Thumb Code    18  exit.o(.text)
    __sig_exit                               0x080003d1   Thumb Code    10  defsig_exit.o(.text)
    __rt_SIGRTMEM_inner                      0x080003dd   Thumb Code    22  defsig_rtmem_inner.o(.text)
    _sys_exit                                0x0800042d   Thumb Code     8  sys_exit.o(.text)
    __default_signal_display                 0x08000439   Thumb Code    50  defsig_general.o(.text)
    _ttywrch                                 0x0800046b   Thumb Code    14  sys_wrch.o(.text)
    GPIO_Init                                0x08000479   Thumb Code   278  stm32f10x_gpio_1.o(i.GPIO_Init)
    GPIO_ResetBits                           0x0800058f   Thumb Code     4  stm32f10x_gpio_1.o(i.GPIO_ResetBits)
    GPIO_SetBits                             0x08000593   Thumb Code     4  stm32f10x_gpio_1.o(i.GPIO_SetBits)
    RCC_APB2PeriphClockCmd                   0x08000599   Thumb Code    26  stm32f10x_rcc_1.o(i.RCC_APB2PeriphClockCmd)
    SystemInit                               0x080006a1   Thumb Code    78  system_stm32f10x_1.o(i.SystemInit)
    TIM2_IRQHandler                          0x08000701   Thumb Code    22  delay.o(i.TIM2_IRQHandler)
    TIM_ClearITPendingBit                    0x0800071d   Thumb Code     6  stm32f10x_tim_1.o(i.TIM_ClearITPendingBit)
    clockPulse                               0x08000725   Thumb Code    36  main.o(i.clockPulse)
    configuration                            0x0800074d   Thumb Code    76  main.o(i.configuration)
    delayMs                                  0x080007a1   Thumb Code    18  delay.o(i.delayMs)
    ledCode                                  0x080007b9   Thumb Code    36  main.o(i.ledCode)
    main                                     0x080007e1   Thumb Code    68  main.o(i.main)
    spiInit                                  0x08000825   Thumb Code    34  main.o(i.spiInit)
    transmitData                             0x0800084d   Thumb Code    76  main.o(i.transmitData)
    Region$$Table$$Base                      0x0800089c   Number         0  anon$$obj.o(Region$$Table)
    Region$$Table$$Limit                     0x080008bc   Number         0  anon$$obj.o(Region$$Table)
    __libspace_start                         0x20000004   Data          96  libspace.o(.bss)
    __temporary_stack_top$libspace           0x20000064   Data           0  libspace.o(.bss)



==============================================================================

Memory Map of the image

  Image Entry point : 0x080000ed

  Load Region LR_IROM1 (Base: 0x08000000, Size: 0x000008c0, Max: 0x00010000, ABSOLUTE)

    Execution Region ER_IROM1 (Exec base: 0x08000000, Load base: 0x08000000, Size: 0x000008bc, Max: 0x00010000, ABSOLUTE)

    Exec Addr    Load Addr    Size         Type   Attr      Idx    E Section Name        Object

    0x08000000   0x08000000   0x000000ec   Data   RO         1396    RESET               startup_stm32f10x_md_2.o
    0x080000ec   0x080000ec   0x00000008   Code   RO         1513  * !!!main             c_w.l(__main.o)
    0x080000f4   0x080000f4   0x00000034   Code   RO         1716    !!!scatter          c_w.l(__scatter.o)
    0x08000128   0x08000128   0x0000001a   Code   RO         1718    !!handler_copy      c_w.l(__scatter_copy.o)
    0x08000142   0x08000142   0x00000002   PAD
    0x08000144   0x08000144   0x0000001c   Code   RO         1720    !!handler_zi        c_w.l(__scatter_zi.o)
    0x08000160   0x08000160   0x00000002   Code   RO         1655    .ARM.Collect$$libinit$$00000000  c_w.l(libinit.o)
    0x08000162   0x08000162   0x00000000   Code   RO         1548    .ARM.Collect$$libinit$$00000002  c_w.l(libinit2.o)
    0x08000162   0x08000162   0x00000000   Code   RO         1550    .ARM.Collect$$libinit$$00000004  c_w.l(libinit2.o)
    0x08000162   0x08000162   0x00000008   Code   RO         1551    .ARM.Collect$$libinit$$00000005  c_w.l(libinit2.o)
    0x0800016a   0x0800016a   0x00000000   Code   RO         1553    .ARM.Collect$$libinit$$0000000A  c_w.l(libinit2.o)
    0x0800016a   0x0800016a   0x00000000   Code   RO         1555    .ARM.Collect$$libinit$$0000000C  c_w.l(libinit2.o)
    0x0800016a   0x0800016a   0x00000000   Code   RO         1557    .ARM.Collect$$libinit$$0000000E  c_w.l(libinit2.o)
    0x0800016a   0x0800016a   0x00000000   Code   RO         1560    .ARM.Collect$$libinit$$00000011  c_w.l(libinit2.o)
    0x0800016a   0x0800016a   0x00000000   Code   RO         1562    .ARM.Collect$$libinit$$00000013  c_w.l(libinit2.o)
    0x0800016a   0x0800016a   0x00000000   Code   RO         1564    .ARM.Collect$$libinit$$00000015  c_w.l(libinit2.o)
    0x0800016a   0x0800016a   0x00000000   Code   RO         1566    .ARM.Collect$$libinit$$00000017  c_w.l(libinit2.o)
    0x0800016a   0x0800016a   0x00000000   Code   RO         1568    .ARM.Collect$$libinit$$00000019  c_w.l(libinit2.o)
    0x0800016a   0x0800016a   0x00000000   Code   RO         1570    .ARM.Collect$$libinit$$0000001B  c_w.l(libinit2.o)
    0x0800016a   0x0800016a   0x00000000   Code   RO         1572    .ARM.Collect$$libinit$$0000001D  c_w.l(libinit2.o)
    0x0800016a   0x0800016a   0x00000000   Code   RO         1574    .ARM.Collect$$libinit$$0000001F  c_w.l(libinit2.o)
    0x0800016a   0x0800016a   0x00000000   Code   RO         1576    .ARM.Collect$$libinit$$00000021  c_w.l(libinit2.o)
    0x0800016a   0x0800016a   0x00000000   Code   RO         1578    .ARM.Collect$$libinit$$00000023  c_w.l(libinit2.o)
    0x0800016a   0x0800016a   0x00000000   Code   RO         1580    .ARM.Collect$$libinit$$00000025  c_w.l(libinit2.o)
    0x0800016a   0x0800016a   0x00000000   Code   RO         1584    .ARM.Collect$$libinit$$0000002C  c_w.l(libinit2.o)
    0x0800016a   0x0800016a   0x00000000   Code   RO         1586    .ARM.Collect$$libinit$$0000002E  c_w.l(libinit2.o)
    0x0800016a   0x0800016a   0x00000000   Code   RO         1588    .ARM.Collect$$libinit$$00000030  c_w.l(libinit2.o)
    0x0800016a   0x0800016a   0x00000000   Code   RO         1590    .ARM.Collect$$libinit$$00000032  c_w.l(libinit2.o)
    0x0800016a   0x0800016a   0x00000002   Code   RO         1591    .ARM.Collect$$libinit$$00000033  c_w.l(libinit2.o)
    0x0800016c   0x0800016c   0x00000002   Code   RO         1713    .ARM.Collect$$libshutdown$$00000000  c_w.l(libshutdown.o)
    0x0800016e   0x0800016e   0x00000000   Code   RO         1669    .ARM.Collect$$libshutdown$$00000002  c_w.l(libshutdown2.o)
    0x0800016e   0x0800016e   0x00000000   Code   RO         1671    .ARM.Collect$$libshutdown$$00000004  c_w.l(libshutdown2.o)
    0x0800016e   0x0800016e   0x00000000   Code   RO         1674    .ARM.Collect$$libshutdown$$00000007  c_w.l(libshutdown2.o)
    0x0800016e   0x0800016e   0x00000000   Code   RO         1677    .ARM.Collect$$libshutdown$$0000000A  c_w.l(libshutdown2.o)
    0x0800016e   0x0800016e   0x00000000   Code   RO         1679    .ARM.Collect$$libshutdown$$0000000C  c_w.l(libshutdown2.o)
    0x0800016e   0x0800016e   0x00000000   Code   RO         1682    .ARM.Collect$$libshutdown$$0000000F  c_w.l(libshutdown2.o)
    0x0800016e   0x0800016e   0x00000002   Code   RO         1683    .ARM.Collect$$libshutdown$$00000010  c_w.l(libshutdown2.o)
    0x08000170   0x08000170   0x00000000   Code   RO         1517    .ARM.Collect$$rtentry$$00000000  c_w.l(__rtentry.o)
    0x08000170   0x08000170   0x00000000   Code   RO         1598    .ARM.Collect$$rtentry$$00000002  c_w.l(__rtentry2.o)
    0x08000170   0x08000170   0x00000006   Code   RO         1610    .ARM.Collect$$rtentry$$00000004  c_w.l(__rtentry4.o)
    0x08000176   0x08000176   0x00000000   Code   RO         1600    .ARM.Collect$$rtentry$$00000009  c_w.l(__rtentry2.o)
    0x08000176   0x08000176   0x00000004   Code   RO         1601    .ARM.Collect$$rtentry$$0000000A  c_w.l(__rtentry2.o)
    0x0800017a   0x0800017a   0x00000000   Code   RO         1603    .ARM.Collect$$rtentry$$0000000C  c_w.l(__rtentry2.o)
    0x0800017a   0x0800017a   0x00000008   Code   RO         1604    .ARM.Collect$$rtentry$$0000000D  c_w.l(__rtentry2.o)
    0x08000182   0x08000182   0x00000002   Code   RO         1658    .ARM.Collect$$rtexit$$00000000  c_w.l(rtexit.o)
    0x08000184   0x08000184   0x00000000   Code   RO         1687    .ARM.Collect$$rtexit$$00000002  c_w.l(rtexit2.o)
    0x08000184   0x08000184   0x00000004   Code   RO         1688    .ARM.Collect$$rtexit$$00000003  c_w.l(rtexit2.o)
    0x08000188   0x08000188   0x00000006   Code   RO         1689    .ARM.Collect$$rtexit$$00000004  c_w.l(rtexit2.o)
    0x0800018e   0x0800018e   0x00000002   PAD
    0x08000190   0x08000190   0x00000000   Code   RO         1614    .emb_text           c_w.l(maybetermalloc1.o)
    0x08000190   0x08000190   0x00000040   Code   RO         1397    .text               startup_stm32f10x_md_2.o
    0x080001d0   0x080001d0   0x0000005e   Code   RO         1453    .text               c_w.l(h1_alloc.o)
    0x0800022e   0x0800022e   0x0000004e   Code   RO         1455    .text               c_w.l(h1_free.o)
    0x0800027c   0x0800027c   0x00000006   Code   RO         1511    .text               c_w.l(heapauxi.o)
    0x08000282   0x08000282   0x00000002   PAD
    0x08000284   0x08000284   0x00000008   Code   RO         1521    .text               c_w.l(rt_heap_descriptor_intlibspace.o)
    0x0800028c   0x0800028c   0x00000004   Code   RO         1523    .text               c_w.l(hguard.o)
    0x08000290   0x08000290   0x0000008a   Code   RO         1525    .text               c_w.l(init_alloc.o)
    0x0800031a   0x0800031a   0x0000000e   Code   RO         1529    .text               c_w.l(h1_init.o)
    0x08000328   0x08000328   0x00000008   Code   RO         1594    .text               c_w.l(libspace.o)
    0x08000330   0x08000330   0x00000034   Code   RO         1616    .text               c_w.l(h1_extend.o)
    0x08000364   0x08000364   0x0000000e   Code   RO         1620    .text               c_w.l(defsig_rtmem_outer.o)
    0x08000372   0x08000372   0x00000002   Code   RO         1631    .text               c_w.l(use_no_semi.o)
    0x08000374   0x08000374   0x00000000   Code   RO         1633    .text               c_w.l(indicate_semi.o)
    0x08000374   0x08000374   0x0000004a   Code   RO         1634    .text               c_w.l(sys_stackheap_outer.o)
    0x080003be   0x080003be   0x00000012   Code   RO         1640    .text               c_w.l(exit.o)
    0x080003d0   0x080003d0   0x0000000a   Code   RO         1642    .text               c_w.l(defsig_exit.o)
    0x080003da   0x080003da   0x00000002   PAD
    0x080003dc   0x080003dc   0x00000050   Code   RO         1644    .text               c_w.l(defsig_rtmem_inner.o)
    0x0800042c   0x0800042c   0x0000000c   Code   RO         1656    .text               c_w.l(sys_exit.o)
    0x08000438   0x08000438   0x00000032   Code   RO         1666    .text               c_w.l(defsig_general.o)
    0x0800046a   0x0800046a   0x0000000e   Code   RO         1684    .text               c_w.l(sys_wrch.o)
    0x08000478   0x08000478   0x00000116   Code   RO          301    i.GPIO_Init         stm32f10x_gpio_1.o
    0x0800058e   0x0800058e   0x00000004   Code   RO          308    i.GPIO_ResetBits    stm32f10x_gpio_1.o
    0x08000592   0x08000592   0x00000004   Code   RO          309    i.GPIO_SetBits      stm32f10x_gpio_1.o
    0x08000596   0x08000596   0x00000002   PAD
    0x08000598   0x08000598   0x00000020   Code   RO          425    i.RCC_APB2PeriphClockCmd  stm32f10x_rcc_1.o
    0x080005b8   0x080005b8   0x00000008   Code   RO         1404    i.SetSysClock       system_stm32f10x_1.o
    0x080005c0   0x080005c0   0x000000e0   Code   RO         1405    i.SetSysClockTo72   system_stm32f10x_1.o
    0x080006a0   0x080006a0   0x00000060   Code   RO         1407    i.SystemInit        system_stm32f10x_1.o
    0x08000700   0x08000700   0x0000001c   Code   RO          115    i.TIM2_IRQHandler   delay.o
    0x0800071c   0x0800071c   0x00000006   Code   RO          800    i.TIM_ClearITPendingBit  stm32f10x_tim_1.o
    0x08000722   0x08000722   0x00000002   PAD
    0x08000724   0x08000724   0x00000028   Code   RO            4    i.clockPulse        main.o
    0x0800074c   0x0800074c   0x00000054   Code   RO            5    i.configuration     main.o
    0x080007a0   0x080007a0   0x00000018   Code   RO          118    i.delayMs           delay.o
    0x080007b8   0x080007b8   0x00000028   Code   RO            6    i.ledCode           main.o
    0x080007e0   0x080007e0   0x00000044   Code   RO            7    i.main              main.o
    0x08000824   0x08000824   0x00000028   Code   RO            8    i.spiInit           main.o
    0x0800084c   0x0800084c   0x00000050   Code   RO            9    i.transmitData      main.o
    0x0800089c   0x0800089c   0x00000020   Data   RO         1714    Region$$Table       anon$$obj.o


    Execution Region RW_IRAM1 (Exec base: 0x20000000, Load base: 0x080008bc, Size: 0x00000668, Max: 0x00005000, ABSOLUTE)

    Exec Addr    Load Addr    Size         Type   Attr      Idx    E Section Name        Object

    0x20000000   0x080008bc   0x00000002   Data   RW          119    .data               delay.o
    0x20000002   0x080008be   0x00000002   PAD
    0x20000004        -       0x00000060   Zero   RW         1595    .bss                c_w.l(libspace.o)
    0x20000064   0x080008be   0x00000004   PAD
    0x20000068        -       0x00000200   Zero   RW         1395    HEAP                startup_stm32f10x_md_2.o
    0x20000268        -       0x00000400   Zero   RW         1394    STACK               startup_stm32f10x_md_2.o


==============================================================================

Image component sizes


      Code (inc. data)   RO Data    RW Data    ZI Data      Debug   Object Name

        52         12          0          2          0       1048   delay.o
       352         26          0          0          0     240459   main.o
        64         26        236          0       1536        832   startup_stm32f10x_md_2.o
       286          0          0          0          0       3336   stm32f10x_gpio_1.o
        32          6          0          0          0        605   stm32f10x_rcc_1.o
         6          0          0          0          0       1312   stm32f10x_tim_1.o
       328         28          0          0          0       2161   system_stm32f10x_1.o

    ----------------------------------------------------------------------
      1124         98        268          4       1536     249753   Object Totals
         0          0         32          0          0          0   (incl. Generated)
         4          0          0          2          0          0   (incl. Padding)

    ----------------------------------------------------------------------

      Code (inc. data)   RO Data    RW Data    ZI Data      Debug   Library Member Name

         8          0          0          0          0         68   __main.o
         0          0          0          0          0          0   __rtentry.o
        12          0          0          0          0          0   __rtentry2.o
         6          0          0          0          0          0   __rtentry4.o
        52          8          0          0          0          0   __scatter.o
        26          0          0          0          0          0   __scatter_copy.o
        28          0          0          0          0          0   __scatter_zi.o
        10          0          0          0          0         68   defsig_exit.o
        50          0          0          0          0         88   defsig_general.o
        80         58          0          0          0         76   defsig_rtmem_inner.o
        14          0          0          0          0         80   defsig_rtmem_outer.o
        18          0          0          0          0         80   exit.o
        94          0          0          0          0         80   h1_alloc.o
        52          0          0          0          0         68   h1_extend.o
        78          0          0          0          0         80   h1_free.o
        14          0          0          0          0         84   h1_init.o
         6          0          0          0          0        152   heapauxi.o
         4          0          0          0          0        136   hguard.o
         0          0          0          0          0          0   indicate_semi.o
       138          0          0          0          0        168   init_alloc.o
         2          0          0          0          0          0   libinit.o
        10          0          0          0          0          0   libinit2.o
         2          0          0          0          0          0   libshutdown.o
         2          0          0          0          0          0   libshutdown2.o
         8          4          0          0         96         68   libspace.o
         0          0          0          0          0          0   maybetermalloc1.o
         8          4          0          0          0         68   rt_heap_descriptor_intlibspace.o
         2          0          0          0          0          0   rtexit.o
        10          0          0          0          0          0   rtexit2.o
        12          4          0          0          0         68   sys_exit.o
        74          0          0          0          0         80   sys_stackheap_outer.o
        14          0          0          0          0         76   sys_wrch.o
         2          0          0          0          0         68   use_no_semi.o

    ----------------------------------------------------------------------
       844         78          0          0        100       1656   Library Totals
         8          0          0          0          4          0   (incl. Padding)

    ----------------------------------------------------------------------

      Code (inc. data)   RO Data    RW Data    ZI Data      Debug   Library Name

       836         78          0          0         96       1656   c_w.l

    ----------------------------------------------------------------------
       844         78          0          0        100       1656   Library Totals

    ----------------------------------------------------------------------

==============================================================================


      Code (inc. data)   RO Data    RW Data    ZI Data      Debug   

      1968        176        268          4       1636     249897   Grand Totals
      1968        176        268          4       1636     249897   ELF Image Totals
      1968        176        268          4          0          0   ROM Totals

==============================================================================

    Total RO  Size (Code + RO Data)                 2236 (   2.18kB)
    Total RW  Size (RW Data + ZI Data)              1640 (   1.60kB)
    Total ROM Size (Code + RO Data + RW Data)       2240 (   2.19kB)

==============================================================================

